[     737ms] [LOG] Adobe IMS Ready! @ https://experienceleague.adobe.com/scripts/scripts.js:981
[     937ms] [INFO] [Coveo Prefetch] Starting token prefetch... @ https://experienceleague.adobe.com/scripts/data-service/coveo/coveo-token-prefetch.js:28
[    1125ms] [INFO] [Coveo Token] Token fetched successfully from service @ https://experienceleague.adobe.com/scripts/data-service/coveo/coveo-token-service.js:54
[    1125ms] [INFO] [Coveo Prefetch] Token prefetched and cached successfully @ https://experienceleague.adobe.com/scripts/data-service/coveo/coveo-token-prefetch.js:33
[    3750ms] [WARNING] solutionLevel and learningInterest do not exist or have valid values @ https://assets.adobedtm.com/d4d114c60e50/9f881954c8dc/launch-7a902c4895c3.min.js:2
[    3750ms] [WARNING] solutionLevel and learningInterest do not exist or have valid values @ https://assets.adobedtm.com/d4d114c60e50/9f881954c8dc/launch-7a902c4895c3.min.js:2
[    3750ms] [WARNING] solutionLevel and learningInterest do not exist or have valid values @ https://assets.adobedtm.com/d4d114c60e50/9f881954c8dc/launch-7a902c4895c3.min.js:2
[    3750ms] [WARNING] solutionLevel and learningInterest do not exist or have valid values @ https://assets.adobedtm.com/d4d114c60e50/9f881954c8dc/launch-7a902c4895c3.min.js:2
[    3750ms] [WARNING] solutionLevel and learningInterest do not exist or have valid values @ https://assets.adobedtm.com/d4d114c60e50/9f881954c8dc/launch-7a902c4895c3.min.js:2
[    3758ms] [LOG] No Role List @ https://assets.adobedtm.com/d4d114c60e50/9f881954c8dc/launch-7a902c4895c3.min.js:5
[    4275ms] [LOG] adobeQA ------  @ :3
[    4275ms] [LOG] isNewSession ------ true @ :4
[    4275ms] [LOG] exlHasVisitedAIM ------ false @ :5
[    4276ms] [LOG] Experimentation Accelerator Target - Exp B loaded @ :1
[    4276ms] [LOG] Experimentation Accelerator CJA - Exp B loaded @ :1
[    4277ms] [LOG] Custom Event 'at-event-promo' Fired: the-skill-exchange-virtual-event @ :130
[    4277ms] [LOG] Custom Event 'at-event-promo' Fired: the-skill-exchange-for-adobe-experience-manager-virtual-event @ :130
[    4277ms] [LOG] Custom Event 'at-event-promo' Fired: the-skill-exchange-for-adobe-experience-manager-virtual-event @ :130
[    4277ms] [LOG] Custom Event 'at-event-promo' Fired: from-content-chaos-to-content-reuse:-how-marketing-teams-move-faster-with-aem-assets @ :130
[    4277ms] [LOG] Custom Event 'at-event-promo' Fired: from-content-chaos-to-content-reuse:-how-marketing-teams-move-faster-with-aem-assets @ :130
[    4277ms] [LOG] Custom Event 'at-event-promo' Fired: from-content-chaos-to-content-reuse:-how-marketing-teams-move-faster-with-aem-assets @ :130
[    4282ms] [LOG] No Role List @ https://assets.adobedtm.com/d4d114c60e50/9f881954c8dc/launch-7a902c4895c3.min.js:5
[    4294ms] [LOG] [Skill Exchange] promo appended after UL in content-0-0pdhr5 @ :287
[    4493ms] [ERROR] Failed to load resource: the server responded with a status of 404 (Not Found) @ https://experienceleague.adobe.com/api/action/khoros/profile-menu-list?platform=gainsight&lang=en:0
[    4551ms] [LOG] No Role List @ https://assets.adobedtm.com/d4d114c60e50/9f881954c8dc/launch-7a902c4895c3.min.js:5
[    4658ms] [LOG] No Role List @ https://assets.adobedtm.com/d4d114c60e50/9f881954c8dc/launch-7a902c4895c3.min.js:5
[    4766ms] [LOG] No Role List @ https://assets.adobedtm.com/d4d114c60e50/9f881954c8dc/launch-7a902c4895c3.min.js:5
