[ 1716985ms] [WARNING] [LaunchDarkly] Error on stream connection: {"isTrusted":true}, will continue retrying after 837 milliseconds. @ https://cdn.experience.adobe.net/solutions/cq-universal-editor/assets/index.DtFcSNOS.js:533
[ 1716985ms] [INFO] [LaunchDarkly] Closing stream connection @ https://cdn.experience.adobe.net/solutions/cq-universal-editor/assets/index.DtFcSNOS.js:533
[ 1716985ms] [ERROR] Failed to load resource: net::ERR_NETWORK_IO_SUSPENDED @ https://clientstream.launchdarkly.com/eval/639196abae90b00d72cc97ab/eyJpbXNPcmdJZCI6IkVBMkIyOEI3NUI4RDUxOUUwQTQ5NUQzMUBBZG9iZU9yZyIsImltc09yZ05hbWUiOiJudHRkYXRhYW1lcnB0cnNkIiwia2V5IjoidW5pdmVyc2FsLWVkaXRvciIsImtpbmQiOiJ1c2VyIiwicHJldmlldyI6ZmFsc2V9:0
[ 1717824ms] [INFO] [LaunchDarkly] Opening stream connection to https://clientstream.launchdarkly.com/eval/639196abae90b00d72cc97ab/eyJpbXNPcmdJZCI6IkVBMkIyOEI3NUI4RDUxOUUwQTQ5NUQzMUBBZG9iZU9yZyIsImltc09yZ05hbWUiOiJudHRkYXRhYW1lcnB0cnNkIiwia2V5IjoidW5pdmVyc2FsLWVkaXRvciIsImtpbmQiOiJ1c2VyIiwicHJldmlldyI6ZmFsc2V9 @ https://cdn.experience.adobe.net/solutions/cq-universal-editor/assets/index.DtFcSNOS.js:533
[ 3798456ms] [WARNING] [LaunchDarkly] Error on stream connection: {"isTrusted":true}, will continue retrying after 517 milliseconds. @ https://cdn.experience.adobe.net/solutions/cq-universal-editor/assets/index.DtFcSNOS.js:533
[ 3798457ms] [INFO] [LaunchDarkly] Closing stream connection @ https://cdn.experience.adobe.net/solutions/cq-universal-editor/assets/index.DtFcSNOS.js:533
[ 3798976ms] [INFO] [LaunchDarkly] Opening stream connection to https://clientstream.launchdarkly.com/eval/639196abae90b00d72cc97ab/eyJpbXNPcmdJZCI6IkVBMkIyOEI3NUI4RDUxOUUwQTQ5NUQzMUBBZG9iZU9yZyIsImltc09yZ05hbWUiOiJudHRkYXRhYW1lcnB0cnNkIiwia2V5IjoidW5pdmVyc2FsLWVkaXRvciIsImtpbmQiOiJ1c2VyIiwicHJldmlldyI6ZmFsc2V9 @ https://cdn.experience.adobe.net/solutions/cq-universal-editor/assets/index.DtFcSNOS.js:533
[ 9691128ms] [WARNING] [LaunchDarkly] Error on stream connection: {"isTrusted":true}, will continue retrying after 952 milliseconds. @ https://cdn.experience.adobe.net/solutions/cq-universal-editor/assets/index.DtFcSNOS.js:533
[ 9691128ms] [INFO] [LaunchDarkly] Closing stream connection @ https://cdn.experience.adobe.net/solutions/cq-universal-editor/assets/index.DtFcSNOS.js:533
[ 9691129ms] [ERROR] Failed to load resource: net::ERR_INCOMPLETE_CHUNKED_ENCODING @ https://clientstream.launchdarkly.com/eval/639196abae90b00d72cc97ab/eyJpbXNPcmdJZCI6IkVBMkIyOEI3NUI4RDUxOUUwQTQ5NUQzMUBBZG9iZU9yZyIsImltc09yZ05hbWUiOiJudHRkYXRhYW1lcnB0cnNkIiwia2V5IjoidW5pdmVyc2FsLWVkaXRvciIsImtpbmQiOiJ1c2VyIiwicHJldmlldyI6ZmFsc2V9:0
[ 9692084ms] [INFO] [LaunchDarkly] Opening stream connection to https://clientstream.launchdarkly.com/eval/639196abae90b00d72cc97ab/eyJpbXNPcmdJZCI6IkVBMkIyOEI3NUI4RDUxOUUwQTQ5NUQzMUBBZG9iZU9yZyIsImltc09yZ05hbWUiOiJudHRkYXRhYW1lcnB0cnNkIiwia2V5IjoidW5pdmVyc2FsLWVkaXRvciIsImtpbmQiOiJ1c2VyIiwicHJldmlldyI6ZmFsc2V9 @ https://cdn.experience.adobe.net/solutions/cq-universal-editor/assets/index.DtFcSNOS.js:533
[12196363ms] [WARNING] [LaunchDarkly] Error on stream connection: {"isTrusted":true}, will continue retrying after 604 milliseconds. @ https://cdn.experience.adobe.net/solutions/cq-universal-editor/assets/index.DtFcSNOS.js:533
[12196363ms] [INFO] [LaunchDarkly] Closing stream connection @ https://cdn.experience.adobe.net/solutions/cq-universal-editor/assets/index.DtFcSNOS.js:533
[12196970ms] [INFO] [LaunchDarkly] Opening stream connection to https://clientstream.launchdarkly.com/eval/639196abae90b00d72cc97ab/eyJpbXNPcmdJZCI6IkVBMkIyOEI3NUI4RDUxOUUwQTQ5NUQzMUBBZG9iZU9yZyIsImltc09yZ05hbWUiOiJudHRkYXRhYW1lcnB0cnNkIiwia2V5IjoidW5pdmVyc2FsLWVkaXRvciIsImtpbmQiOiJ1c2VyIiwicHJldmlldyI6ZmFsc2V9 @ https://cdn.experience.adobe.net/solutions/cq-universal-editor/assets/index.DtFcSNOS.js:533
[12884620ms] [WARNING] [LaunchDarkly] Error on stream connection: {"isTrusted":true}, will continue retrying after 929 milliseconds. @ https://cdn.experience.adobe.net/solutions/cq-universal-editor/assets/index.DtFcSNOS.js:533
[12884621ms] [INFO] [LaunchDarkly] Closing stream connection @ https://cdn.experience.adobe.net/solutions/cq-universal-editor/assets/index.DtFcSNOS.js:533
[12884621ms] [ERROR] Failed to load resource: net::ERR_CONNECTION_RESET @ https://clientstream.launchdarkly.com/eval/639196abae90b00d72cc97ab/eyJpbXNPcmdJZCI6IkVBMkIyOEI3NUI4RDUxOUUwQTQ5NUQzMUBBZG9iZU9yZyIsImltc09yZ05hbWUiOiJudHRkYXRhYW1lcnB0cnNkIiwia2V5IjoidW5pdmVyc2FsLWVkaXRvciIsImtpbmQiOiJ1c2VyIiwicHJldmlldyI6ZmFsc2V9:0
[12885552ms] [INFO] [LaunchDarkly] Opening stream connection to https://clientstream.launchdarkly.com/eval/639196abae90b00d72cc97ab/eyJpbXNPcmdJZCI6IkVBMkIyOEI3NUI4RDUxOUUwQTQ5NUQzMUBBZG9iZU9yZyIsImltc09yZ05hbWUiOiJudHRkYXRhYW1lcnB0cnNkIiwia2V5IjoidW5pdmVyc2FsLWVkaXRvciIsImtpbmQiOiJ1c2VyIiwicHJldmlldyI6ZmFsc2V9 @ https://cdn.experience.adobe.net/solutions/cq-universal-editor/assets/index.DtFcSNOS.js:533
[14113919ms] [WARNING] [LaunchDarkly] Error on stream connection: {"isTrusted":true}, will continue retrying after 840 milliseconds. @ https://cdn.experience.adobe.net/solutions/cq-universal-editor/assets/index.DtFcSNOS.js:533
[14113919ms] [INFO] [LaunchDarkly] Closing stream connection @ https://cdn.experience.adobe.net/solutions/cq-universal-editor/assets/index.DtFcSNOS.js:533
[14113919ms] [ERROR] Failed to load resource: net::ERR_CONNECTION_RESET @ https://clientstream.launchdarkly.com/eval/639196abae90b00d72cc97ab/eyJpbXNPcmdJZCI6IkVBMkIyOEI3NUI4RDUxOUUwQTQ5NUQzMUBBZG9iZU9yZyIsImltc09yZ05hbWUiOiJudHRkYXRhYW1lcnB0cnNkIiwia2V5IjoidW5pdmVyc2FsLWVkaXRvciIsImtpbmQiOiJ1c2VyIiwicHJldmlldyI6ZmFsc2V9:0
[14114761ms] [INFO] [LaunchDarkly] Opening stream connection to https://clientstream.launchdarkly.com/eval/639196abae90b00d72cc97ab/eyJpbXNPcmdJZCI6IkVBMkIyOEI3NUI4RDUxOUUwQTQ5NUQzMUBBZG9iZU9yZyIsImltc09yZ05hbWUiOiJudHRkYXRhYW1lcnB0cnNkIiwia2V5IjoidW5pdmVyc2FsLWVkaXRvciIsImtpbmQiOiJ1c2VyIiwicHJldmlldyI6ZmFsc2V9 @ https://cdn.experience.adobe.net/solutions/cq-universal-editor/assets/index.DtFcSNOS.js:533
[16668418ms] [WARNING] [LaunchDarkly] Error on stream connection: {"isTrusted":true}, will continue retrying after 791 milliseconds. @ https://cdn.experience.adobe.net/solutions/cq-universal-editor/assets/index.DtFcSNOS.js:533
[16668418ms] [INFO] [LaunchDarkly] Closing stream connection @ https://cdn.experience.adobe.net/solutions/cq-universal-editor/assets/index.DtFcSNOS.js:533
[16668418ms] [ERROR] Failed to load resource: net::ERR_CONNECTION_RESET @ https://clientstream.launchdarkly.com/eval/639196abae90b00d72cc97ab/eyJpbXNPcmdJZCI6IkVBMkIyOEI3NUI4RDUxOUUwQTQ5NUQzMUBBZG9iZU9yZyIsImltc09yZ05hbWUiOiJudHRkYXRhYW1lcnB0cnNkIiwia2V5IjoidW5pdmVyc2FsLWVkaXRvciIsImtpbmQiOiJ1c2VyIiwicHJldmlldyI6ZmFsc2V9:0
[16669211ms] [INFO] [LaunchDarkly] Opening stream connection to https://clientstream.launchdarkly.com/eval/639196abae90b00d72cc97ab/eyJpbXNPcmdJZCI6IkVBMkIyOEI3NUI4RDUxOUUwQTQ5NUQzMUBBZG9iZU9yZyIsImltc09yZ05hbWUiOiJudHRkYXRhYW1lcnB0cnNkIiwia2V5IjoidW5pdmVyc2FsLWVkaXRvciIsImtpbmQiOiJ1c2VyIiwicHJldmlldyI6ZmFsc2V9 @ https://cdn.experience.adobe.net/solutions/cq-universal-editor/assets/index.DtFcSNOS.js:533
[18735158ms] [WARNING] [LaunchDarkly] Error on stream connection: {"isTrusted":true}, will continue retrying after 999 milliseconds. @ https://cdn.experience.adobe.net/solutions/cq-universal-editor/assets/index.DtFcSNOS.js:533
[18735158ms] [INFO] [LaunchDarkly] Closing stream connection @ https://cdn.experience.adobe.net/solutions/cq-universal-editor/assets/index.DtFcSNOS.js:533
[18735158ms] [ERROR] Failed to load resource: net::ERR_CONNECTION_RESET @ https://clientstream.launchdarkly.com/eval/639196abae90b00d72cc97ab/eyJpbXNPcmdJZCI6IkVBMkIyOEI3NUI4RDUxOUUwQTQ5NUQzMUBBZG9iZU9yZyIsImltc09yZ05hbWUiOiJudHRkYXRhYW1lcnB0cnNkIiwia2V5IjoidW5pdmVyc2FsLWVkaXRvciIsImtpbmQiOiJ1c2VyIiwicHJldmlldyI6ZmFsc2V9:0
[18736160ms] [INFO] [LaunchDarkly] Opening stream connection to https://clientstream.launchdarkly.com/eval/639196abae90b00d72cc97ab/eyJpbXNPcmdJZCI6IkVBMkIyOEI3NUI4RDUxOUUwQTQ5NUQzMUBBZG9iZU9yZyIsImltc09yZ05hbWUiOiJudHRkYXRhYW1lcnB0cnNkIiwia2V5IjoidW5pdmVyc2FsLWVkaXRvciIsImtpbmQiOiJ1c2VyIiwicHJldmlldyI6ZmFsc2V9 @ https://cdn.experience.adobe.net/solutions/cq-universal-editor/assets/index.DtFcSNOS.js:533
[20847516ms] [WARNING] [LaunchDarkly] Error on stream connection: {"isTrusted":true}, will continue retrying after 889 milliseconds. @ https://cdn.experience.adobe.net/solutions/cq-universal-editor/assets/index.DtFcSNOS.js:533
[20847516ms] [INFO] [LaunchDarkly] Closing stream connection @ https://cdn.experience.adobe.net/solutions/cq-universal-editor/assets/index.DtFcSNOS.js:533
[20848407ms] [INFO] [LaunchDarkly] Opening stream connection to https://clientstream.launchdarkly.com/eval/639196abae90b00d72cc97ab/eyJpbXNPcmdJZCI6IkVBMkIyOEI3NUI4RDUxOUUwQTQ5NUQzMUBBZG9iZU9yZyIsImltc09yZ05hbWUiOiJudHRkYXRhYW1lcnB0cnNkIiwia2V5IjoidW5pdmVyc2FsLWVkaXRvciIsImtpbmQiOiJ1c2VyIiwicHJldmlldyI6ZmFsc2V9 @ https://cdn.experience.adobe.net/solutions/cq-universal-editor/assets/index.DtFcSNOS.js:533
[21669551ms] [WARNING] [LaunchDarkly] Error on stream connection: {"isTrusted":true}, will continue retrying after 509 milliseconds. @ https://cdn.experience.adobe.net/solutions/cq-universal-editor/assets/index.DtFcSNOS.js:533
[21669551ms] [INFO] [LaunchDarkly] Closing stream connection @ https://cdn.experience.adobe.net/solutions/cq-universal-editor/assets/index.DtFcSNOS.js:533
[21669551ms] [ERROR] Failed to load resource: net::ERR_INCOMPLETE_CHUNKED_ENCODING @ https://clientstream.launchdarkly.com/eval/639196abae90b00d72cc97ab/eyJpbXNPcmdJZCI6IkVBMkIyOEI3NUI4RDUxOUUwQTQ5NUQzMUBBZG9iZU9yZyIsImltc09yZ05hbWUiOiJudHRkYXRhYW1lcnB0cnNkIiwia2V5IjoidW5pdmVyc2FsLWVkaXRvciIsImtpbmQiOiJ1c2VyIiwicHJldmlldyI6ZmFsc2V9:0
[21670063ms] [INFO] [LaunchDarkly] Opening stream connection to https://clientstream.launchdarkly.com/eval/639196abae90b00d72cc97ab/eyJpbXNPcmdJZCI6IkVBMkIyOEI3NUI4RDUxOUUwQTQ5NUQzMUBBZG9iZU9yZyIsImltc09yZ05hbWUiOiJudHRkYXRhYW1lcnB0cnNkIiwia2V5IjoidW5pdmVyc2FsLWVkaXRvciIsImtpbmQiOiJ1c2VyIiwicHJldmlldyI6ZmFsc2V9 @ https://cdn.experience.adobe.net/solutions/cq-universal-editor/assets/index.DtFcSNOS.js:533
[23367445ms] [WARNING] [LaunchDarkly] Error on stream connection: {"isTrusted":true}, will continue retrying after 765 milliseconds. @ https://cdn.experience.adobe.net/solutions/cq-universal-editor/assets/index.DtFcSNOS.js:533
[23367445ms] [INFO] [LaunchDarkly] Closing stream connection @ https://cdn.experience.adobe.net/solutions/cq-universal-editor/assets/index.DtFcSNOS.js:533
[23367445ms] [ERROR] Failed to load resource: net::ERR_NETWORK_IO_SUSPENDED @ https://clientstream.launchdarkly.com/eval/639196abae90b00d72cc97ab/eyJpbXNPcmdJZCI6IkVBMkIyOEI3NUI4RDUxOUUwQTQ5NUQzMUBBZG9iZU9yZyIsImltc09yZ05hbWUiOiJudHRkYXRhYW1lcnB0cnNkIiwia2V5IjoidW5pdmVyc2FsLWVkaXRvciIsImtpbmQiOiJ1c2VyIiwicHJldmlldyI6ZmFsc2V9:0
[23368211ms] [INFO] [LaunchDarkly] Opening stream connection to https://clientstream.launchdarkly.com/eval/639196abae90b00d72cc97ab/eyJpbXNPcmdJZCI6IkVBMkIyOEI3NUI4RDUxOUUwQTQ5NUQzMUBBZG9iZU9yZyIsImltc09yZ05hbWUiOiJudHRkYXRhYW1lcnB0cnNkIiwia2V5IjoidW5pdmVyc2FsLWVkaXRvciIsImtpbmQiOiJ1c2VyIiwicHJldmlldyI6ZmFsc2V9 @ https://cdn.experience.adobe.net/solutions/cq-universal-editor/assets/index.DtFcSNOS.js:533
[23967635ms] [WARNING] [LaunchDarkly] Error on stream connection: {"isTrusted":true}, will continue retrying after 959 milliseconds. @ https://cdn.experience.adobe.net/solutions/cq-universal-editor/assets/index.DtFcSNOS.js:533
[23967635ms] [INFO] [LaunchDarkly] Closing stream connection @ https://cdn.experience.adobe.net/solutions/cq-universal-editor/assets/index.DtFcSNOS.js:533
[23967635ms] [ERROR] Failed to load resource: net::ERR_NETWORK_IO_SUSPENDED @ https://clientstream.launchdarkly.com/eval/639196abae90b00d72cc97ab/eyJpbXNPcmdJZCI6IkVBMkIyOEI3NUI4RDUxOUUwQTQ5NUQzMUBBZG9iZU9yZyIsImltc09yZ05hbWUiOiJudHRkYXRhYW1lcnB0cnNkIiwia2V5IjoidW5pdmVyc2FsLWVkaXRvciIsImtpbmQiOiJ1c2VyIiwicHJldmlldyI6ZmFsc2V9:0
[23968595ms] [INFO] [LaunchDarkly] Opening stream connection to https://clientstream.launchdarkly.com/eval/639196abae90b00d72cc97ab/eyJpbXNPcmdJZCI6IkVBMkIyOEI3NUI4RDUxOUUwQTQ5NUQzMUBBZG9iZU9yZyIsImltc09yZ05hbWUiOiJudHRkYXRhYW1lcnB0cnNkIiwia2V5IjoidW5pdmVyc2FsLWVkaXRvciIsImtpbmQiOiJ1c2VyIiwicHJldmlldyI6ZmFsc2V9 @ https://cdn.experience.adobe.net/solutions/cq-universal-editor/assets/index.DtFcSNOS.js:533
[24893152ms] [WARNING] [LaunchDarkly] Error on stream connection: {"isTrusted":true}, will continue retrying after 510 milliseconds. @ https://cdn.experience.adobe.net/solutions/cq-universal-editor/assets/index.DtFcSNOS.js:533
[24893152ms] [INFO] [LaunchDarkly] Closing stream connection @ https://cdn.experience.adobe.net/solutions/cq-universal-editor/assets/index.DtFcSNOS.js:533
[24893152ms] [ERROR] Failed to load resource: net::ERR_NETWORK_IO_SUSPENDED @ https://clientstream.launchdarkly.com/eval/639196abae90b00d72cc97ab/eyJpbXNPcmdJZCI6IkVBMkIyOEI3NUI4RDUxOUUwQTQ5NUQzMUBBZG9iZU9yZyIsImltc09yZ05hbWUiOiJudHRkYXRhYW1lcnB0cnNkIiwia2V5IjoidW5pdmVyc2FsLWVkaXRvciIsImtpbmQiOiJ1c2VyIiwicHJldmlldyI6ZmFsc2V9:0
[24893664ms] [INFO] [LaunchDarkly] Opening stream connection to https://clientstream.launchdarkly.com/eval/639196abae90b00d72cc97ab/eyJpbXNPcmdJZCI6IkVBMkIyOEI3NUI4RDUxOUUwQTQ5NUQzMUBBZG9iZU9yZyIsImltc09yZ05hbWUiOiJudHRkYXRhYW1lcnB0cnNkIiwia2V5IjoidW5pdmVyc2FsLWVkaXRvciIsImtpbmQiOiJ1c2VyIiwicHJldmlldyI6ZmFsc2V9 @ https://cdn.experience.adobe.net/solutions/cq-universal-editor/assets/index.DtFcSNOS.js:533
[26723175ms] [WARNING] [LaunchDarkly] Error on stream connection: {"isTrusted":true}, will continue retrying after 885 milliseconds. @ https://cdn.experience.adobe.net/solutions/cq-universal-editor/assets/index.DtFcSNOS.js:533
[26723175ms] [INFO] [LaunchDarkly] Closing stream connection @ https://cdn.experience.adobe.net/solutions/cq-universal-editor/assets/index.DtFcSNOS.js:533
[26724062ms] [INFO] [LaunchDarkly] Opening stream connection to https://clientstream.launchdarkly.com/eval/639196abae90b00d72cc97ab/eyJpbXNPcmdJZCI6IkVBMkIyOEI3NUI4RDUxOUUwQTQ5NUQzMUBBZG9iZU9yZyIsImltc09yZ05hbWUiOiJudHRkYXRhYW1lcnB0cnNkIiwia2V5IjoidW5pdmVyc2FsLWVkaXRvciIsImtpbmQiOiJ1c2VyIiwicHJldmlldyI6ZmFsc2V9 @ https://cdn.experience.adobe.net/solutions/cq-universal-editor/assets/index.DtFcSNOS.js:533
[27543067ms] [ERROR] Failed to load resource: net::ERR_TIMED_OUT @ https://notify.adobe.io/ans/v1/notifications?from=1786324497132&ims_org=EA2B28B75B8D519E0A495D31%40AdobeOrg&locale=en_US:0
[27543125ms] [ERROR] Failed to load resource: net::ERR_TIMED_OUT @ https://ims-na1.adobelogin.com/ims/validate_token/v1?jslVersion=v2-v0.31.0-2-g1e8a8a8:0
[27892744ms] [WARNING] [LaunchDarkly] Error on stream connection: {"isTrusted":true}, will continue retrying after 524 milliseconds. @ https://cdn.experience.adobe.net/solutions/cq-universal-editor/assets/index.DtFcSNOS.js:533
[27892744ms] [INFO] [LaunchDarkly] Closing stream connection @ https://cdn.experience.adobe.net/solutions/cq-universal-editor/assets/index.DtFcSNOS.js:533
[27892744ms] [ERROR] Failed to load resource: net::ERR_CONNECTION_RESET @ https://clientstream.launchdarkly.com/eval/639196abae90b00d72cc97ab/eyJpbXNPcmdJZCI6IkVBMkIyOEI3NUI4RDUxOUUwQTQ5NUQzMUBBZG9iZU9yZyIsImltc09yZ05hbWUiOiJudHRkYXRhYW1lcnB0cnNkIiwia2V5IjoidW5pdmVyc2FsLWVkaXRvciIsImtpbmQiOiJ1c2VyIiwicHJldmlldyI6ZmFsc2V9:0
[27893268ms] [INFO] [LaunchDarkly] Opening stream connection to https://clientstream.launchdarkly.com/eval/639196abae90b00d72cc97ab/eyJpbXNPcmdJZCI6IkVBMkIyOEI3NUI4RDUxOUUwQTQ5NUQzMUBBZG9iZU9yZyIsImltc09yZ05hbWUiOiJudHRkYXRhYW1lcnB0cnNkIiwia2V5IjoidW5pdmVyc2FsLWVkaXRvciIsImtpbmQiOiJ1c2VyIiwicHJldmlldyI6ZmFsc2V9 @ https://cdn.experience.adobe.net/solutions/cq-universal-editor/assets/index.DtFcSNOS.js:533
[28187784ms] [WARNING] [LaunchDarkly] Error on stream connection: {"isTrusted":true}, will continue retrying after 725 milliseconds. @ https://cdn.experience.adobe.net/solutions/cq-universal-editor/assets/index.DtFcSNOS.js:533
[28187784ms] [INFO] [LaunchDarkly] Closing stream connection @ https://cdn.experience.adobe.net/solutions/cq-universal-editor/assets/index.DtFcSNOS.js:533
[28187784ms] [ERROR] Failed to load resource: net::ERR_CONNECTION_RESET @ https://clientstream.launchdarkly.com/eval/639196abae90b00d72cc97ab/eyJpbXNPcmdJZCI6IkVBMkIyOEI3NUI4RDUxOUUwQTQ5NUQzMUBBZG9iZU9yZyIsImltc09yZ05hbWUiOiJudHRkYXRhYW1lcnB0cnNkIiwia2V5IjoidW5pdmVyc2FsLWVkaXRvciIsImtpbmQiOiJ1c2VyIiwicHJldmlldyI6ZmFsc2V9:0
[28188512ms] [INFO] [LaunchDarkly] Opening stream connection to https://clientstream.launchdarkly.com/eval/639196abae90b00d72cc97ab/eyJpbXNPcmdJZCI6IkVBMkIyOEI3NUI4RDUxOUUwQTQ5NUQzMUBBZG9iZU9yZyIsImltc09yZ05hbWUiOiJudHRkYXRhYW1lcnB0cnNkIiwia2V5IjoidW5pdmVyc2FsLWVkaXRvciIsImtpbmQiOiJ1c2VyIiwicHJldmlldyI6ZmFsc2V9 @ https://cdn.experience.adobe.net/solutions/cq-universal-editor/assets/index.DtFcSNOS.js:533
[28642885ms] [WARNING] [LaunchDarkly] Error on stream connection: {"isTrusted":true}, will continue retrying after 982 milliseconds. @ https://cdn.experience.adobe.net/solutions/cq-universal-editor/assets/index.DtFcSNOS.js:533
[28642885ms] [INFO] [LaunchDarkly] Closing stream connection @ https://cdn.experience.adobe.net/solutions/cq-universal-editor/assets/index.DtFcSNOS.js:533
[28643869ms] [INFO] [LaunchDarkly] Opening stream connection to https://clientstream.launchdarkly.com/eval/639196abae90b00d72cc97ab/eyJpbXNPcmdJZCI6IkVBMkIyOEI3NUI4RDUxOUUwQTQ5NUQzMUBBZG9iZU9yZyIsImltc09yZ05hbWUiOiJudHRkYXRhYW1lcnB0cnNkIiwia2V5IjoidW5pdmVyc2FsLWVkaXRvciIsImtpbmQiOiJ1c2VyIiwicHJldmlldyI6ZmFsc2V9 @ https://cdn.experience.adobe.net/solutions/cq-universal-editor/assets/index.DtFcSNOS.js:533
[29781516ms] [WARNING] [LaunchDarkly] Error on stream connection: {"isTrusted":true}, will continue retrying after 915 milliseconds. @ https://cdn.experience.adobe.net/solutions/cq-universal-editor/assets/index.DtFcSNOS.js:533
[29781516ms] [INFO] [LaunchDarkly] Closing stream connection @ https://cdn.experience.adobe.net/solutions/cq-universal-editor/assets/index.DtFcSNOS.js:533
[29781516ms] [ERROR] Failed to load resource: net::ERR_CONNECTION_RESET @ https://clientstream.launchdarkly.com/eval/639196abae90b00d72cc97ab/eyJpbXNPcmdJZCI6IkVBMkIyOEI3NUI4RDUxOUUwQTQ5NUQzMUBBZG9iZU9yZyIsImltc09yZ05hbWUiOiJudHRkYXRhYW1lcnB0cnNkIiwia2V5IjoidW5pdmVyc2FsLWVkaXRvciIsImtpbmQiOiJ1c2VyIiwicHJldmlldyI6ZmFsc2V9:0
[29782434ms] [INFO] [LaunchDarkly] Opening stream connection to https://clientstream.launchdarkly.com/eval/639196abae90b00d72cc97ab/eyJpbXNPcmdJZCI6IkVBMkIyOEI3NUI4RDUxOUUwQTQ5NUQzMUBBZG9iZU9yZyIsImltc09yZ05hbWUiOiJudHRkYXRhYW1lcnB0cnNkIiwia2V5IjoidW5pdmVyc2FsLWVkaXRvciIsImtpbmQiOiJ1c2VyIiwicHJldmlldyI6ZmFsc2V9 @ https://cdn.experience.adobe.net/solutions/cq-universal-editor/assets/index.DtFcSNOS.js:533
[30322699ms] [WARNING] [LaunchDarkly] Error on stream connection: {"isTrusted":true}, will continue retrying after 632 milliseconds. @ https://cdn.experience.adobe.net/solutions/cq-universal-editor/assets/index.DtFcSNOS.js:533
[30322699ms] [INFO] [LaunchDarkly] Closing stream connection @ https://cdn.experience.adobe.net/solutions/cq-universal-editor/assets/index.DtFcSNOS.js:533
[30322699ms] [ERROR] Failed to load resource: net::ERR_CONNECTION_RESET @ https://clientstream.launchdarkly.com/eval/639196abae90b00d72cc97ab/eyJpbXNPcmdJZCI6IkVBMkIyOEI3NUI4RDUxOUUwQTQ5NUQzMUBBZG9iZU9yZyIsImltc09yZ05hbWUiOiJudHRkYXRhYW1lcnB0cnNkIiwia2V5IjoidW5pdmVyc2FsLWVkaXRvciIsImtpbmQiOiJ1c2VyIiwicHJldmlldyI6ZmFsc2V9:0
[30323333ms] [INFO] [LaunchDarkly] Opening stream connection to https://clientstream.launchdarkly.com/eval/639196abae90b00d72cc97ab/eyJpbXNPcmdJZCI6IkVBMkIyOEI3NUI4RDUxOUUwQTQ5NUQzMUBBZG9iZU9yZyIsImltc09yZ05hbWUiOiJudHRkYXRhYW1lcnB0cnNkIiwia2V5IjoidW5pdmVyc2FsLWVkaXRvciIsImtpbmQiOiJ1c2VyIiwicHJldmlldyI6ZmFsc2V9 @ https://cdn.experience.adobe.net/solutions/cq-universal-editor/assets/index.DtFcSNOS.js:533
[33007742ms] [WARNING] [LaunchDarkly] Error on stream connection: {"isTrusted":true}, will continue retrying after 689 milliseconds. @ https://cdn.experience.adobe.net/solutions/cq-universal-editor/assets/index.DtFcSNOS.js:533
[33007742ms] [INFO] [LaunchDarkly] Closing stream connection @ https://cdn.experience.adobe.net/solutions/cq-universal-editor/assets/index.DtFcSNOS.js:533
[33007743ms] [ERROR] Failed to load resource: net::ERR_INCOMPLETE_CHUNKED_ENCODING @ https://clientstream.launchdarkly.com/eval/639196abae90b00d72cc97ab/eyJpbXNPcmdJZCI6IkVBMkIyOEI3NUI4RDUxOUUwQTQ5NUQzMUBBZG9iZU9yZyIsImltc09yZ05hbWUiOiJudHRkYXRhYW1lcnB0cnNkIiwia2V5IjoidW5pdmVyc2FsLWVkaXRvciIsImtpbmQiOiJ1c2VyIiwicHJldmlldyI6ZmFsc2V9:0
[33008433ms] [INFO] [LaunchDarkly] Opening stream connection to https://clientstream.launchdarkly.com/eval/639196abae90b00d72cc97ab/eyJpbXNPcmdJZCI6IkVBMkIyOEI3NUI4RDUxOUUwQTQ5NUQzMUBBZG9iZU9yZyIsImltc09yZ05hbWUiOiJudHRkYXRhYW1lcnB0cnNkIiwia2V5IjoidW5pdmVyc2FsLWVkaXRvciIsImtpbmQiOiJ1c2VyIiwicHJldmlldyI6ZmFsc2V9 @ https://cdn.experience.adobe.net/solutions/cq-universal-editor/assets/index.DtFcSNOS.js:533
[35916535ms] [WARNING] [LaunchDarkly] Error on stream connection: {"isTrusted":true}, will continue retrying after 830 milliseconds. @ https://cdn.experience.adobe.net/solutions/cq-universal-editor/assets/index.DtFcSNOS.js:533
[35916535ms] [INFO] [LaunchDarkly] Closing stream connection @ https://cdn.experience.adobe.net/solutions/cq-universal-editor/assets/index.DtFcSNOS.js:533
[35916535ms] [ERROR] Failed to load resource: net::ERR_CONNECTION_RESET @ https://clientstream.launchdarkly.com/eval/639196abae90b00d72cc97ab/eyJpbXNPcmdJZCI6IkVBMkIyOEI3NUI4RDUxOUUwQTQ5NUQzMUBBZG9iZU9yZyIsImltc09yZ05hbWUiOiJudHRkYXRhYW1lcnB0cnNkIiwia2V5IjoidW5pdmVyc2FsLWVkaXRvciIsImtpbmQiOiJ1c2VyIiwicHJldmlldyI6ZmFsc2V9:0
[35917368ms] [INFO] [LaunchDarkly] Opening stream connection to https://clientstream.launchdarkly.com/eval/639196abae90b00d72cc97ab/eyJpbXNPcmdJZCI6IkVBMkIyOEI3NUI4RDUxOUUwQTQ5NUQzMUBBZG9iZU9yZyIsImltc09yZ05hbWUiOiJudHRkYXRhYW1lcnB0cnNkIiwia2V5IjoidW5pdmVyc2FsLWVkaXRvciIsImtpbmQiOiJ1c2VyIiwicHJldmlldyI6ZmFsc2V9 @ https://cdn.experience.adobe.net/solutions/cq-universal-editor/assets/index.DtFcSNOS.js:533
[36935860ms] [WARNING] [LaunchDarkly] Error on stream connection: {"isTrusted":true}, will continue retrying after 589 milliseconds. @ https://cdn.experience.adobe.net/solutions/cq-universal-editor/assets/index.DtFcSNOS.js:533
[36935860ms] [INFO] [LaunchDarkly] Closing stream connection @ https://cdn.experience.adobe.net/solutions/cq-universal-editor/assets/index.DtFcSNOS.js:533
[36935860ms] [ERROR] Failed to load resource: net::ERR_CONNECTION_RESET @ https://clientstream.launchdarkly.com/eval/639196abae90b00d72cc97ab/eyJpbXNPcmdJZCI6IkVBMkIyOEI3NUI4RDUxOUUwQTQ5NUQzMUBBZG9iZU9yZyIsImltc09yZ05hbWUiOiJudHRkYXRhYW1lcnB0cnNkIiwia2V5IjoidW5pdmVyc2FsLWVkaXRvciIsImtpbmQiOiJ1c2VyIiwicHJldmlldyI6ZmFsc2V9:0
[36936451ms] [INFO] [LaunchDarkly] Opening stream connection to https://clientstream.launchdarkly.com/eval/639196abae90b00d72cc97ab/eyJpbXNPcmdJZCI6IkVBMkIyOEI3NUI4RDUxOUUwQTQ5NUQzMUBBZG9iZU9yZyIsImltc09yZ05hbWUiOiJudHRkYXRhYW1lcnB0cnNkIiwia2V5IjoidW5pdmVyc2FsLWVkaXRvciIsImtpbmQiOiJ1c2VyIiwicHJldmlldyI6ZmFsc2V9 @ https://cdn.experience.adobe.net/solutions/cq-universal-editor/assets/index.DtFcSNOS.js:533
[37984701ms] [WARNING] [LaunchDarkly] Error on stream connection: {"isTrusted":true}, will continue retrying after 533 milliseconds. @ https://cdn.experience.adobe.net/solutions/cq-universal-editor/assets/index.DtFcSNOS.js:533
[37984701ms] [INFO] [LaunchDarkly] Closing stream connection @ https://cdn.experience.adobe.net/solutions/cq-universal-editor/assets/index.DtFcSNOS.js:533
[37984701ms] [ERROR] Failed to load resource: net::ERR_CONNECTION_RESET @ https://clientstream.launchdarkly.com/eval/639196abae90b00d72cc97ab/eyJpbXNPcmdJZCI6IkVBMkIyOEI3NUI4RDUxOUUwQTQ5NUQzMUBBZG9iZU9yZyIsImltc09yZ05hbWUiOiJudHRkYXRhYW1lcnB0cnNkIiwia2V5IjoidW5pdmVyc2FsLWVkaXRvciIsImtpbmQiOiJ1c2VyIiwicHJldmlldyI6ZmFsc2V9:0
[37985237ms] [INFO] [LaunchDarkly] Opening stream connection to https://clientstream.launchdarkly.com/eval/639196abae90b00d72cc97ab/eyJpbXNPcmdJZCI6IkVBMkIyOEI3NUI4RDUxOUUwQTQ5NUQzMUBBZG9iZU9yZyIsImltc09yZ05hbWUiOiJudHRkYXRhYW1lcnB0cnNkIiwia2V5IjoidW5pdmVyc2FsLWVkaXRvciIsImtpbmQiOiJ1c2VyIiwicHJldmlldyI6ZmFsc2V9 @ https://cdn.experience.adobe.net/solutions/cq-universal-editor/assets/index.DtFcSNOS.js:533
[43226898ms] [WARNING] [LaunchDarkly] Error on stream connection: {"isTrusted":true}, will continue retrying after 785 milliseconds. @ https://cdn.experience.adobe.net/solutions/cq-universal-editor/assets/index.DtFcSNOS.js:533
[43226899ms] [INFO] [LaunchDarkly] Closing stream connection @ https://cdn.experience.adobe.net/solutions/cq-universal-editor/assets/index.DtFcSNOS.js:533
[43226899ms] [ERROR] Failed to load resource: net::ERR_CONNECTION_RESET @ https://clientstream.launchdarkly.com/eval/639196abae90b00d72cc97ab/eyJpbXNPcmdJZCI6IkVBMkIyOEI3NUI4RDUxOUUwQTQ5NUQzMUBBZG9iZU9yZyIsImltc09yZ05hbWUiOiJudHRkYXRhYW1lcnB0cnNkIiwia2V5IjoidW5pdmVyc2FsLWVkaXRvciIsImtpbmQiOiJ1c2VyIiwicHJldmlldyI6ZmFsc2V9:0
[43227684ms] [INFO] [LaunchDarkly] Opening stream connection to https://clientstream.launchdarkly.com/eval/639196abae90b00d72cc97ab/eyJpbXNPcmdJZCI6IkVBMkIyOEI3NUI4RDUxOUUwQTQ5NUQzMUBBZG9iZU9yZyIsImltc09yZ05hbWUiOiJudHRkYXRhYW1lcnB0cnNkIiwia2V5IjoidW5pdmVyc2FsLWVkaXRvciIsImtpbmQiOiJ1c2VyIiwicHJldmlldyI6ZmFsc2V9 @ https://cdn.experience.adobe.net/solutions/cq-universal-editor/assets/index.DtFcSNOS.js:533
[48168402ms] [WARNING] [LaunchDarkly] Error on stream connection: {"isTrusted":true}, will continue retrying after 952 milliseconds. @ https://cdn.experience.adobe.net/solutions/cq-universal-editor/assets/index.DtFcSNOS.js:533
[48168402ms] [INFO] [LaunchDarkly] Closing stream connection @ https://cdn.experience.adobe.net/solutions/cq-universal-editor/assets/index.DtFcSNOS.js:533
[48168402ms] [ERROR] Failed to load resource: net::ERR_INCOMPLETE_CHUNKED_ENCODING @ https://clientstream.launchdarkly.com/eval/639196abae90b00d72cc97ab/eyJpbXNPcmdJZCI6IkVBMkIyOEI3NUI4RDUxOUUwQTQ5NUQzMUBBZG9iZU9yZyIsImltc09yZ05hbWUiOiJudHRkYXRhYW1lcnB0cnNkIiwia2V5IjoidW5pdmVyc2FsLWVkaXRvciIsImtpbmQiOiJ1c2VyIiwicHJldmlldyI6ZmFsc2V9:0
[48169357ms] [INFO] [LaunchDarkly] Opening stream connection to https://clientstream.launchdarkly.com/eval/639196abae90b00d72cc97ab/eyJpbXNPcmdJZCI6IkVBMkIyOEI3NUI4RDUxOUUwQTQ5NUQzMUBBZG9iZU9yZyIsImltc09yZ05hbWUiOiJudHRkYXRhYW1lcnB0cnNkIiwia2V5IjoidW5pdmVyc2FsLWVkaXRvciIsImtpbmQiOiJ1c2VyIiwicHJldmlldyI6ZmFsc2V9 @ https://cdn.experience.adobe.net/solutions/cq-universal-editor/assets/index.DtFcSNOS.js:533
[52899072ms] [WARNING] [LaunchDarkly] Error on stream connection: {"isTrusted":true}, will continue retrying after 964 milliseconds. @ https://cdn.experience.adobe.net/solutions/cq-universal-editor/assets/index.DtFcSNOS.js:533
[52899072ms] [INFO] [LaunchDarkly] Closing stream connection @ https://cdn.experience.adobe.net/solutions/cq-universal-editor/assets/index.DtFcSNOS.js:533
[52900037ms] [INFO] [LaunchDarkly] Opening stream connection to https://clientstream.launchdarkly.com/eval/639196abae90b00d72cc97ab/eyJpbXNPcmdJZCI6IkVBMkIyOEI3NUI4RDUxOUUwQTQ5NUQzMUBBZG9iZU9yZyIsImltc09yZ05hbWUiOiJudHRkYXRhYW1lcnB0cnNkIiwia2V5IjoidW5pdmVyc2FsLWVkaXRvciIsImtpbmQiOiJ1c2VyIiwicHJldmlldyI6ZmFsc2V9 @ https://cdn.experience.adobe.net/solutions/cq-universal-editor/assets/index.DtFcSNOS.js:533
[55971684ms] [WARNING] [LaunchDarkly] Error on stream connection: {"isTrusted":true}, will continue retrying after 624 milliseconds. @ https://cdn.experience.adobe.net/solutions/cq-universal-editor/assets/index.DtFcSNOS.js:533
[55971684ms] [INFO] [LaunchDarkly] Closing stream connection @ https://cdn.experience.adobe.net/solutions/cq-universal-editor/assets/index.DtFcSNOS.js:533
[55972310ms] [INFO] [LaunchDarkly] Opening stream connection to https://clientstream.launchdarkly.com/eval/639196abae90b00d72cc97ab/eyJpbXNPcmdJZCI6IkVBMkIyOEI3NUI4RDUxOUUwQTQ5NUQzMUBBZG9iZU9yZyIsImltc09yZ05hbWUiOiJudHRkYXRhYW1lcnB0cnNkIiwia2V5IjoidW5pdmVyc2FsLWVkaXRvciIsImtpbmQiOiJ1c2VyIiwicHJldmlldyI6ZmFsc2V9 @ https://cdn.experience.adobe.net/solutions/cq-universal-editor/assets/index.DtFcSNOS.js:533
[57132643ms] [ERROR] Failed to load resource: the server responded with a status of 503 (Service Unavailable) @ https://telemetry.adobe.io/ingest?api_key=metrics-sdk-js:0
[57132644ms] [LOG] Error in fetch.catch,  Error: Service Unavailable
    at https://cdn.experience.adobe.net/assets/metricsRuntime.ecbf3d6a.js:1:28327 @ https://cdn.experience.adobe.net/assets/metricsRuntime.ecbf3d6a.js:0
[58109334ms] [WARNING] [LaunchDarkly] Error on stream connection: {"isTrusted":true}, will continue retrying after 538 milliseconds. @ https://cdn.experience.adobe.net/solutions/cq-universal-editor/assets/index.DtFcSNOS.js:533
[58109334ms] [INFO] [LaunchDarkly] Closing stream connection @ https://cdn.experience.adobe.net/solutions/cq-universal-editor/assets/index.DtFcSNOS.js:533
[58109875ms] [INFO] [LaunchDarkly] Opening stream connection to https://clientstream.launchdarkly.com/eval/639196abae90b00d72cc97ab/eyJpbXNPcmdJZCI6IkVBMkIyOEI3NUI4RDUxOUUwQTQ5NUQzMUBBZG9iZU9yZyIsImltc09yZ05hbWUiOiJudHRkYXRhYW1lcnB0cnNkIiwia2V5IjoidW5pdmVyc2FsLWVkaXRvciIsImtpbmQiOiJ1c2VyIiwicHJldmlldyI6ZmFsc2V9 @ https://cdn.experience.adobe.net/solutions/cq-universal-editor/assets/index.DtFcSNOS.js:533
[60027940ms] [WARNING] [LaunchDarkly] Error on stream connection: {"isTrusted":true}, will continue retrying after 626 milliseconds. @ https://cdn.experience.adobe.net/solutions/cq-universal-editor/assets/index.DtFcSNOS.js:533
[60027940ms] [INFO] [LaunchDarkly] Closing stream connection @ https://cdn.experience.adobe.net/solutions/cq-universal-editor/assets/index.DtFcSNOS.js:533
[60027940ms] [ERROR] Failed to load resource: net::ERR_CONNECTION_RESET @ https://clientstream.launchdarkly.com/eval/639196abae90b00d72cc97ab/eyJpbXNPcmdJZCI6IkVBMkIyOEI3NUI4RDUxOUUwQTQ5NUQzMUBBZG9iZU9yZyIsImltc09yZ05hbWUiOiJudHRkYXRhYW1lcnB0cnNkIiwia2V5IjoidW5pdmVyc2FsLWVkaXRvciIsImtpbmQiOiJ1c2VyIiwicHJldmlldyI6ZmFsc2V9:0
[60028569ms] [INFO] [LaunchDarkly] Opening stream connection to https://clientstream.launchdarkly.com/eval/639196abae90b00d72cc97ab/eyJpbXNPcmdJZCI6IkVBMkIyOEI3NUI4RDUxOUUwQTQ5NUQzMUBBZG9iZU9yZyIsImltc09yZ05hbWUiOiJudHRkYXRhYW1lcnB0cnNkIiwia2V5IjoidW5pdmVyc2FsLWVkaXRvciIsImtpbmQiOiJ1c2VyIiwicHJldmlldyI6ZmFsc2V9 @ https://cdn.experience.adobe.net/solutions/cq-universal-editor/assets/index.DtFcSNOS.js:533
[60576539ms] [WARNING] [LaunchDarkly] Error on stream connection: {"isTrusted":true}, will continue retrying after 777 milliseconds. @ https://cdn.experience.adobe.net/solutions/cq-universal-editor/assets/index.DtFcSNOS.js:533
[60576539ms] [INFO] [LaunchDarkly] Closing stream connection @ https://cdn.experience.adobe.net/solutions/cq-universal-editor/assets/index.DtFcSNOS.js:533
[60576539ms] [ERROR] Failed to load resource: net::ERR_CONNECTION_RESET @ https://clientstream.launchdarkly.com/eval/639196abae90b00d72cc97ab/eyJpbXNPcmdJZCI6IkVBMkIyOEI3NUI4RDUxOUUwQTQ5NUQzMUBBZG9iZU9yZyIsImltc09yZ05hbWUiOiJudHRkYXRhYW1lcnB0cnNkIiwia2V5IjoidW5pdmVyc2FsLWVkaXRvciIsImtpbmQiOiJ1c2VyIiwicHJldmlldyI6ZmFsc2V9:0
[60577319ms] [INFO] [LaunchDarkly] Opening stream connection to https://clientstream.launchdarkly.com/eval/639196abae90b00d72cc97ab/eyJpbXNPcmdJZCI6IkVBMkIyOEI3NUI4RDUxOUUwQTQ5NUQzMUBBZG9iZU9yZyIsImltc09yZ05hbWUiOiJudHRkYXRhYW1lcnB0cnNkIiwia2V5IjoidW5pdmVyc2FsLWVkaXRvciIsImtpbmQiOiJ1c2VyIiwicHJldmlldyI6ZmFsc2V9 @ https://cdn.experience.adobe.net/solutions/cq-universal-editor/assets/index.DtFcSNOS.js:533
[64268126ms] [WARNING] [LaunchDarkly] Error on stream connection: {"isTrusted":true}, will continue retrying after 727 milliseconds. @ https://cdn.experience.adobe.net/solutions/cq-universal-editor/assets/index.DtFcSNOS.js:533
[64268126ms] [INFO] [LaunchDarkly] Closing stream connection @ https://cdn.experience.adobe.net/solutions/cq-universal-editor/assets/index.DtFcSNOS.js:533
[64268855ms] [INFO] [LaunchDarkly] Opening stream connection to https://clientstream.launchdarkly.com/eval/639196abae90b00d72cc97ab/eyJpbXNPcmdJZCI6IkVBMkIyOEI3NUI4RDUxOUUwQTQ5NUQzMUBBZG9iZU9yZyIsImltc09yZ05hbWUiOiJudHRkYXRhYW1lcnB0cnNkIiwia2V5IjoidW5pdmVyc2FsLWVkaXRvciIsImtpbmQiOiJ1c2VyIiwicHJldmlldyI6ZmFsc2V9 @ https://cdn.experience.adobe.net/solutions/cq-universal-editor/assets/index.DtFcSNOS.js:533
[67042415ms] [WARNING] [LaunchDarkly] Error on stream connection: {"isTrusted":true}, will continue retrying after 597 milliseconds. @ https://cdn.experience.adobe.net/solutions/cq-universal-editor/assets/index.DtFcSNOS.js:533
[67042415ms] [INFO] [LaunchDarkly] Closing stream connection @ https://cdn.experience.adobe.net/solutions/cq-universal-editor/assets/index.DtFcSNOS.js:533
[67043015ms] [INFO] [LaunchDarkly] Opening stream connection to https://clientstream.launchdarkly.com/eval/639196abae90b00d72cc97ab/eyJpbXNPcmdJZCI6IkVBMkIyOEI3NUI4RDUxOUUwQTQ5NUQzMUBBZG9iZU9yZyIsImltc09yZ05hbWUiOiJudHRkYXRhYW1lcnB0cnNkIiwia2V5IjoidW5pdmVyc2FsLWVkaXRvciIsImtpbmQiOiJ1c2VyIiwicHJldmlldyI6ZmFsc2V9 @ https://cdn.experience.adobe.net/solutions/cq-universal-editor/assets/index.DtFcSNOS.js:533
[67673553ms] [WARNING] [LaunchDarkly] Error on stream connection: {"isTrusted":true}, will continue retrying after 625 milliseconds. @ https://cdn.experience.adobe.net/solutions/cq-universal-editor/assets/index.DtFcSNOS.js:533
[67673553ms] [INFO] [LaunchDarkly] Closing stream connection @ https://cdn.experience.adobe.net/solutions/cq-universal-editor/assets/index.DtFcSNOS.js:533
[67673553ms] [ERROR] Failed to load resource: net::ERR_CONNECTION_RESET @ https://clientstream.launchdarkly.com/eval/639196abae90b00d72cc97ab/eyJpbXNPcmdJZCI6IkVBMkIyOEI3NUI4RDUxOUUwQTQ5NUQzMUBBZG9iZU9yZyIsImltc09yZ05hbWUiOiJudHRkYXRhYW1lcnB0cnNkIiwia2V5IjoidW5pdmVyc2FsLWVkaXRvciIsImtpbmQiOiJ1c2VyIiwicHJldmlldyI6ZmFsc2V9:0
[67674181ms] [INFO] [LaunchDarkly] Opening stream connection to https://clientstream.launchdarkly.com/eval/639196abae90b00d72cc97ab/eyJpbXNPcmdJZCI6IkVBMkIyOEI3NUI4RDUxOUUwQTQ5NUQzMUBBZG9iZU9yZyIsImltc09yZ05hbWUiOiJudHRkYXRhYW1lcnB0cnNkIiwia2V5IjoidW5pdmVyc2FsLWVkaXRvciIsImtpbmQiOiJ1c2VyIiwicHJldmlldyI6ZmFsc2V9 @ https://cdn.experience.adobe.net/solutions/cq-universal-editor/assets/index.DtFcSNOS.js:533
[68744209ms] [WARNING] [LaunchDarkly] Error on stream connection: {"isTrusted":true}, will continue retrying after 545 milliseconds. @ https://cdn.experience.adobe.net/solutions/cq-universal-editor/assets/index.DtFcSNOS.js:533
[68744210ms] [INFO] [LaunchDarkly] Closing stream connection @ https://cdn.experience.adobe.net/solutions/cq-universal-editor/assets/index.DtFcSNOS.js:533
[68744210ms] [ERROR] Failed to load resource: net::ERR_CONNECTION_RESET @ https://clientstream.launchdarkly.com/eval/639196abae90b00d72cc97ab/eyJpbXNPcmdJZCI6IkVBMkIyOEI3NUI4RDUxOUUwQTQ5NUQzMUBBZG9iZU9yZyIsImltc09yZ05hbWUiOiJudHRkYXRhYW1lcnB0cnNkIiwia2V5IjoidW5pdmVyc2FsLWVkaXRvciIsImtpbmQiOiJ1c2VyIiwicHJldmlldyI6ZmFsc2V9:0
[68744756ms] [INFO] [LaunchDarkly] Opening stream connection to https://clientstream.launchdarkly.com/eval/639196abae90b00d72cc97ab/eyJpbXNPcmdJZCI6IkVBMkIyOEI3NUI4RDUxOUUwQTQ5NUQzMUBBZG9iZU9yZyIsImltc09yZ05hbWUiOiJudHRkYXRhYW1lcnB0cnNkIiwia2V5IjoidW5pdmVyc2FsLWVkaXRvciIsImtpbmQiOiJ1c2VyIiwicHJldmlldyI6ZmFsc2V9 @ https://cdn.experience.adobe.net/solutions/cq-universal-editor/assets/index.DtFcSNOS.js:533
[69478899ms] [WARNING] [LaunchDarkly] Error on stream connection: {"isTrusted":true}, will continue retrying after 731 milliseconds. @ https://cdn.experience.adobe.net/solutions/cq-universal-editor/assets/index.DtFcSNOS.js:533
[69478900ms] [INFO] [LaunchDarkly] Closing stream connection @ https://cdn.experience.adobe.net/solutions/cq-universal-editor/assets/index.DtFcSNOS.js:533
[69478900ms] [ERROR] Failed to load resource: net::ERR_CONNECTION_RESET @ https://clientstream.launchdarkly.com/eval/639196abae90b00d72cc97ab/eyJpbXNPcmdJZCI6IkVBMkIyOEI3NUI4RDUxOUUwQTQ5NUQzMUBBZG9iZU9yZyIsImltc09yZ05hbWUiOiJudHRkYXRhYW1lcnB0cnNkIiwia2V5IjoidW5pdmVyc2FsLWVkaXRvciIsImtpbmQiOiJ1c2VyIiwicHJldmlldyI6ZmFsc2V9:0
[69479632ms] [INFO] [LaunchDarkly] Opening stream connection to https://clientstream.launchdarkly.com/eval/639196abae90b00d72cc97ab/eyJpbXNPcmdJZCI6IkVBMkIyOEI3NUI4RDUxOUUwQTQ5NUQzMUBBZG9iZU9yZyIsImltc09yZ05hbWUiOiJudHRkYXRhYW1lcnB0cnNkIiwia2V5IjoidW5pdmVyc2FsLWVkaXRvciIsImtpbmQiOiJ1c2VyIiwicHJldmlldyI6ZmFsc2V9 @ https://cdn.experience.adobe.net/solutions/cq-universal-editor/assets/index.DtFcSNOS.js:533
[72735799ms] [WARNING] [LaunchDarkly] Error on stream connection: {"isTrusted":true}, will continue retrying after 747 milliseconds. @ https://cdn.experience.adobe.net/solutions/cq-universal-editor/assets/index.DtFcSNOS.js:533
[72735799ms] [INFO] [LaunchDarkly] Closing stream connection @ https://cdn.experience.adobe.net/solutions/cq-universal-editor/assets/index.DtFcSNOS.js:533
[72736549ms] [INFO] [LaunchDarkly] Opening stream connection to https://clientstream.launchdarkly.com/eval/639196abae90b00d72cc97ab/eyJpbXNPcmdJZCI6IkVBMkIyOEI3NUI4RDUxOUUwQTQ5NUQzMUBBZG9iZU9yZyIsImltc09yZ05hbWUiOiJudHRkYXRhYW1lcnB0cnNkIiwia2V5IjoidW5pdmVyc2FsLWVkaXRvciIsImtpbmQiOiJ1c2VyIiwicHJldmlldyI6ZmFsc2V9 @ https://cdn.experience.adobe.net/solutions/cq-universal-editor/assets/index.DtFcSNOS.js:533
[73387431ms] [ERROR] Failed to load resource: the server responded with a status of 503 (Service Unavailable) @ https://telemetry.adobe.io/ingest?api_key=metrics-sdk-js:0
[73387432ms] [LOG] Error in fetch.catch,  Error: Service Unavailable
    at https://cdn.experience.adobe.net/assets/metricsRuntime.ecbf3d6a.js:1:28327 @ https://cdn.experience.adobe.net/assets/metricsRuntime.ecbf3d6a.js:0
[77316760ms] [WARNING] [LaunchDarkly] Error on stream connection: {"isTrusted":true}, will continue retrying after 983 milliseconds. @ https://cdn.experience.adobe.net/solutions/cq-universal-editor/assets/index.DtFcSNOS.js:533
[77316760ms] [INFO] [LaunchDarkly] Closing stream connection @ https://cdn.experience.adobe.net/solutions/cq-universal-editor/assets/index.DtFcSNOS.js:533
[77317746ms] [INFO] [LaunchDarkly] Opening stream connection to https://clientstream.launchdarkly.com/eval/639196abae90b00d72cc97ab/eyJpbXNPcmdJZCI6IkVBMkIyOEI3NUI4RDUxOUUwQTQ5NUQzMUBBZG9iZU9yZyIsImltc09yZ05hbWUiOiJudHRkYXRhYW1lcnB0cnNkIiwia2V5IjoidW5pdmVyc2FsLWVkaXRvciIsImtpbmQiOiJ1c2VyIiwicHJldmlldyI6ZmFsc2V9 @ https://cdn.experience.adobe.net/solutions/cq-universal-editor/assets/index.DtFcSNOS.js:533
[80803792ms] [WARNING] [LaunchDarkly] Error on stream connection: {"isTrusted":true}, will continue retrying after 535 milliseconds. @ https://cdn.experience.adobe.net/solutions/cq-universal-editor/assets/index.DtFcSNOS.js:533
[80803792ms] [INFO] [LaunchDarkly] Closing stream connection @ https://cdn.experience.adobe.net/solutions/cq-universal-editor/assets/index.DtFcSNOS.js:533
[80804330ms] [INFO] [LaunchDarkly] Opening stream connection to https://clientstream.launchdarkly.com/eval/639196abae90b00d72cc97ab/eyJpbXNPcmdJZCI6IkVBMkIyOEI3NUI4RDUxOUUwQTQ5NUQzMUBBZG9iZU9yZyIsImltc09yZ05hbWUiOiJudHRkYXRhYW1lcnB0cnNkIiwia2V5IjoidW5pdmVyc2FsLWVkaXRvciIsImtpbmQiOiJ1c2VyIiwicHJldmlldyI6ZmFsc2V9 @ https://cdn.experience.adobe.net/solutions/cq-universal-editor/assets/index.DtFcSNOS.js:533
[82151965ms] [WARNING] [LaunchDarkly] Error on stream connection: {"isTrusted":true}, will continue retrying after 588 milliseconds. @ https://cdn.experience.adobe.net/solutions/cq-universal-editor/assets/index.DtFcSNOS.js:533
[82151965ms] [INFO] [LaunchDarkly] Closing stream connection @ https://cdn.experience.adobe.net/solutions/cq-universal-editor/assets/index.DtFcSNOS.js:533
[82151965ms] [ERROR] Failed to load resource: net::ERR_CONNECTION_RESET @ https://clientstream.launchdarkly.com/eval/639196abae90b00d72cc97ab/eyJpbXNPcmdJZCI6IkVBMkIyOEI3NUI4RDUxOUUwQTQ5NUQzMUBBZG9iZU9yZyIsImltc09yZ05hbWUiOiJudHRkYXRhYW1lcnB0cnNkIiwia2V5IjoidW5pdmVyc2FsLWVkaXRvciIsImtpbmQiOiJ1c2VyIiwicHJldmlldyI6ZmFsc2V9:0
[82152553ms] [INFO] [LaunchDarkly] Opening stream connection to https://clientstream.launchdarkly.com/eval/639196abae90b00d72cc97ab/eyJpbXNPcmdJZCI6IkVBMkIyOEI3NUI4RDUxOUUwQTQ5NUQzMUBBZG9iZU9yZyIsImltc09yZ05hbWUiOiJudHRkYXRhYW1lcnB0cnNkIiwia2V5IjoidW5pdmVyc2FsLWVkaXRvciIsImtpbmQiOiJ1c2VyIiwicHJldmlldyI6ZmFsc2V9 @ https://cdn.experience.adobe.net/solutions/cq-universal-editor/assets/index.DtFcSNOS.js:533
[84695659ms] [WARNING] [LaunchDarkly] Error on stream connection: {"isTrusted":true}, will continue retrying after 994 milliseconds. @ https://cdn.experience.adobe.net/solutions/cq-universal-editor/assets/index.DtFcSNOS.js:533
[84695659ms] [INFO] [LaunchDarkly] Closing stream connection @ https://cdn.experience.adobe.net/solutions/cq-universal-editor/assets/index.DtFcSNOS.js:533
[84696655ms] [INFO] [LaunchDarkly] Opening stream connection to https://clientstream.launchdarkly.com/eval/639196abae90b00d72cc97ab/eyJpbXNPcmdJZCI6IkVBMkIyOEI3NUI4RDUxOUUwQTQ5NUQzMUBBZG9iZU9yZyIsImltc09yZ05hbWUiOiJudHRkYXRhYW1lcnB0cnNkIiwia2V5IjoidW5pdmVyc2FsLWVkaXRvciIsImtpbmQiOiJ1c2VyIiwicHJldmlldyI6ZmFsc2V9 @ https://cdn.experience.adobe.net/solutions/cq-universal-editor/assets/index.DtFcSNOS.js:533
[86456207ms] [WARNING] [LaunchDarkly] Error on stream connection: {"isTrusted":true}, will continue retrying after 603 milliseconds. @ https://cdn.experience.adobe.net/solutions/cq-universal-editor/assets/index.DtFcSNOS.js:533
[86456207ms] [INFO] [LaunchDarkly] Closing stream connection @ https://cdn.experience.adobe.net/solutions/cq-universal-editor/assets/index.DtFcSNOS.js:533
[86456208ms] [ERROR] Failed to load resource: net::ERR_CONNECTION_RESET @ https://clientstream.launchdarkly.com/eval/639196abae90b00d72cc97ab/eyJpbXNPcmdJZCI6IkVBMkIyOEI3NUI4RDUxOUUwQTQ5NUQzMUBBZG9iZU9yZyIsImltc09yZ05hbWUiOiJudHRkYXRhYW1lcnB0cnNkIiwia2V5IjoidW5pdmVyc2FsLWVkaXRvciIsImtpbmQiOiJ1c2VyIiwicHJldmlldyI6ZmFsc2V9:0
[86456812ms] [INFO] [LaunchDarkly] Opening stream connection to https://clientstream.launchdarkly.com/eval/639196abae90b00d72cc97ab/eyJpbXNPcmdJZCI6IkVBMkIyOEI3NUI4RDUxOUUwQTQ5NUQzMUBBZG9iZU9yZyIsImltc09yZ05hbWUiOiJudHRkYXRhYW1lcnB0cnNkIiwia2V5IjoidW5pdmVyc2FsLWVkaXRvciIsImtpbmQiOiJ1c2VyIiwicHJldmlldyI6ZmFsc2V9 @ https://cdn.experience.adobe.net/solutions/cq-universal-editor/assets/index.DtFcSNOS.js:533
[86776818ms] [ERROR] Failed to load resource: the server responded with a status of 401 (Unauthorized) @ https://notify.adobe.io/ans/v1/notifications?from=1786384309340&ims_org=EA2B28B75B8D519E0A495D31%40AdobeOrg&locale=en_US:0
[88120584ms] [WARNING] [LaunchDarkly] Error on stream connection: {"isTrusted":true}, will continue retrying after 880 milliseconds. @ https://cdn.experience.adobe.net/solutions/cq-universal-editor/assets/index.DtFcSNOS.js:533
[88120584ms] [INFO] [LaunchDarkly] Closing stream connection @ https://cdn.experience.adobe.net/solutions/cq-universal-editor/assets/index.DtFcSNOS.js:533
[88120585ms] [ERROR] Failed to load resource: net::ERR_INCOMPLETE_CHUNKED_ENCODING @ https://clientstream.launchdarkly.com/eval/639196abae90b00d72cc97ab/eyJpbXNPcmdJZCI6IkVBMkIyOEI3NUI4RDUxOUUwQTQ5NUQzMUBBZG9iZU9yZyIsImltc09yZ05hbWUiOiJudHRkYXRhYW1lcnB0cnNkIiwia2V5IjoidW5pdmVyc2FsLWVkaXRvciIsImtpbmQiOiJ1c2VyIiwicHJldmlldyI6ZmFsc2V9:0
[88121466ms] [INFO] [LaunchDarkly] Opening stream connection to https://clientstream.launchdarkly.com/eval/639196abae90b00d72cc97ab/eyJpbXNPcmdJZCI6IkVBMkIyOEI3NUI4RDUxOUUwQTQ5NUQzMUBBZG9iZU9yZyIsImltc09yZ05hbWUiOiJudHRkYXRhYW1lcnB0cnNkIiwia2V5IjoidW5pdmVyc2FsLWVkaXRvciIsImtpbmQiOiJ1c2VyIiwicHJldmlldyI6ZmFsc2V9 @ https://cdn.experience.adobe.net/solutions/cq-universal-editor/assets/index.DtFcSNOS.js:533
[92525027ms] [WARNING] [LaunchDarkly] Error on stream connection: {"isTrusted":true}, will continue retrying after 650 milliseconds. @ https://cdn.experience.adobe.net/solutions/cq-universal-editor/assets/index.DtFcSNOS.js:533
[92525027ms] [INFO] [LaunchDarkly] Closing stream connection @ https://cdn.experience.adobe.net/solutions/cq-universal-editor/assets/index.DtFcSNOS.js:533
[92525028ms] [ERROR] Failed to load resource: net::ERR_CONNECTION_RESET @ https://clientstream.launchdarkly.com/eval/639196abae90b00d72cc97ab/eyJpbXNPcmdJZCI6IkVBMkIyOEI3NUI4RDUxOUUwQTQ5NUQzMUBBZG9iZU9yZyIsImltc09yZ05hbWUiOiJudHRkYXRhYW1lcnB0cnNkIiwia2V5IjoidW5pdmVyc2FsLWVkaXRvciIsImtpbmQiOiJ1c2VyIiwicHJldmlldyI6ZmFsc2V9:0
[92525680ms] [INFO] [LaunchDarkly] Opening stream connection to https://clientstream.launchdarkly.com/eval/639196abae90b00d72cc97ab/eyJpbXNPcmdJZCI6IkVBMkIyOEI3NUI4RDUxOUUwQTQ5NUQzMUBBZG9iZU9yZyIsImltc09yZ05hbWUiOiJudHRkYXRhYW1lcnB0cnNkIiwia2V5IjoidW5pdmVyc2FsLWVkaXRvciIsImtpbmQiOiJ1c2VyIiwicHJldmlldyI6ZmFsc2V9 @ https://cdn.experience.adobe.net/solutions/cq-universal-editor/assets/index.DtFcSNOS.js:533
[94832770ms] [WARNING] [LaunchDarkly] Error on stream connection: {"isTrusted":true}, will continue retrying after 630 milliseconds. @ https://cdn.experience.adobe.net/solutions/cq-universal-editor/assets/index.DtFcSNOS.js:533
[94832770ms] [INFO] [LaunchDarkly] Closing stream connection @ https://cdn.experience.adobe.net/solutions/cq-universal-editor/assets/index.DtFcSNOS.js:533
[94833402ms] [INFO] [LaunchDarkly] Opening stream connection to https://clientstream.launchdarkly.com/eval/639196abae90b00d72cc97ab/eyJpbXNPcmdJZCI6IkVBMkIyOEI3NUI4RDUxOUUwQTQ5NUQzMUBBZG9iZU9yZyIsImltc09yZ05hbWUiOiJudHRkYXRhYW1lcnB0cnNkIiwia2V5IjoidW5pdmVyc2FsLWVkaXRvciIsImtpbmQiOiJ1c2VyIiwicHJldmlldyI6ZmFsc2V9 @ https://cdn.experience.adobe.net/solutions/cq-universal-editor/assets/index.DtFcSNOS.js:533
[98104854ms] [WARNING] [LaunchDarkly] Error on stream connection: {"isTrusted":true}, will continue retrying after 768 milliseconds. @ https://cdn.experience.adobe.net/solutions/cq-universal-editor/assets/index.DtFcSNOS.js:533
[98104855ms] [INFO] [LaunchDarkly] Closing stream connection @ https://cdn.experience.adobe.net/solutions/cq-universal-editor/assets/index.DtFcSNOS.js:533
[98104855ms] [ERROR] Failed to load resource: net::ERR_CONNECTION_RESET @ https://clientstream.launchdarkly.com/eval/639196abae90b00d72cc97ab/eyJpbXNPcmdJZCI6IkVBMkIyOEI3NUI4RDUxOUUwQTQ5NUQzMUBBZG9iZU9yZyIsImltc09yZ05hbWUiOiJudHRkYXRhYW1lcnB0cnNkIiwia2V5IjoidW5pdmVyc2FsLWVkaXRvciIsImtpbmQiOiJ1c2VyIiwicHJldmlldyI6ZmFsc2V9:0
[98105626ms] [INFO] [LaunchDarkly] Opening stream connection to https://clientstream.launchdarkly.com/eval/639196abae90b00d72cc97ab/eyJpbXNPcmdJZCI6IkVBMkIyOEI3NUI4RDUxOUUwQTQ5NUQzMUBBZG9iZU9yZyIsImltc09yZ05hbWUiOiJudHRkYXRhYW1lcnB0cnNkIiwia2V5IjoidW5pdmVyc2FsLWVkaXRvciIsImtpbmQiOiJ1c2VyIiwicHJldmlldyI6ZmFsc2V9 @ https://cdn.experience.adobe.net/solutions/cq-universal-editor/assets/index.DtFcSNOS.js:533
[103996694ms] [WARNING] [LaunchDarkly] Error on stream connection: {"isTrusted":true}, will continue retrying after 975 milliseconds. @ https://cdn.experience.adobe.net/solutions/cq-universal-editor/assets/index.DtFcSNOS.js:533
[103996694ms] [INFO] [LaunchDarkly] Closing stream connection @ https://cdn.experience.adobe.net/solutions/cq-universal-editor/assets/index.DtFcSNOS.js:533
[103996694ms] [ERROR] Failed to load resource: net::ERR_NETWORK_IO_SUSPENDED @ https://clientstream.launchdarkly.com/eval/639196abae90b00d72cc97ab/eyJpbXNPcmdJZCI6IkVBMkIyOEI3NUI4RDUxOUUwQTQ5NUQzMUBBZG9iZU9yZyIsImltc09yZ05hbWUiOiJudHRkYXRhYW1lcnB0cnNkIiwia2V5IjoidW5pdmVyc2FsLWVkaXRvciIsImtpbmQiOiJ1c2VyIiwicHJldmlldyI6ZmFsc2V9:0
[103997670ms] [INFO] [LaunchDarkly] Opening stream connection to https://clientstream.launchdarkly.com/eval/639196abae90b00d72cc97ab/eyJpbXNPcmdJZCI6IkVBMkIyOEI3NUI4RDUxOUUwQTQ5NUQzMUBBZG9iZU9yZyIsImltc09yZ05hbWUiOiJudHRkYXRhYW1lcnB0cnNkIiwia2V5IjoidW5pdmVyc2FsLWVkaXRvciIsImtpbmQiOiJ1c2VyIiwicHJldmlldyI6ZmFsc2V9 @ https://cdn.experience.adobe.net/solutions/cq-universal-editor/assets/index.DtFcSNOS.js:533
[104089236ms] [ERROR] Failed to load resource: net::ERR_TIMED_OUT @ https://telemetry.adobe.io/ingest?api_key=metrics-sdk-js:0
[104089238ms] [LOG] Error in fetch.catch,  TypeError: Failed to fetch
    at c.post (https://cdn.experience.adobe.net/assets/metricsRuntime.ecbf3d6a.js:1:28085)
    at c.<anonymous> (https://cdn.experience.adobe.net/assets/metricsRuntime.ecbf3d6a.js:1:30453)
    at next (<anonymous>)
    at https://cdn.experience.adobe.net/assets/metricsRuntime.ecbf3d6a.js:1:26559
    at new Promise (<anonymous>)
    at https://cdn.experience.adobe.net/assets/metricsRuntime.ecbf3d6a.js:1:26308
    at c.flush (https://cdn.experience.adobe.net/assets/metricsRuntime.ecbf3d6a.js:1:30168)
    at c.<anonymous> (https://cdn.experience.adobe.net/assets/metricsRuntime.ecbf3d6a.js:1:27194)
    at next (<anonymous>)
    at https://cdn.experience.adobe.net/assets/metricsRuntime.ecbf3d6a.js:1:26559 @ https://cdn.experience.adobe.net/assets/metricsRuntime.ecbf3d6a.js:0
[104166645ms] [WARNING] [LaunchDarkly] Error on stream connection: {"isTrusted":true}, will continue retrying after 519 milliseconds. @ https://cdn.experience.adobe.net/solutions/cq-universal-editor/assets/index.DtFcSNOS.js:533
[104166645ms] [INFO] [LaunchDarkly] Closing stream connection @ https://cdn.experience.adobe.net/solutions/cq-universal-editor/assets/index.DtFcSNOS.js:533
[104166645ms] [ERROR] Failed to load resource: net::ERR_CONNECTION_RESET @ https://clientstream.launchdarkly.com/eval/639196abae90b00d72cc97ab/eyJpbXNPcmdJZCI6IkVBMkIyOEI3NUI4RDUxOUUwQTQ5NUQzMUBBZG9iZU9yZyIsImltc09yZ05hbWUiOiJudHRkYXRhYW1lcnB0cnNkIiwia2V5IjoidW5pdmVyc2FsLWVkaXRvciIsImtpbmQiOiJ1c2VyIiwicHJldmlldyI6ZmFsc2V9:0
[104167166ms] [INFO] [LaunchDarkly] Opening stream connection to https://clientstream.launchdarkly.com/eval/639196abae90b00d72cc97ab/eyJpbXNPcmdJZCI6IkVBMkIyOEI3NUI4RDUxOUUwQTQ5NUQzMUBBZG9iZU9yZyIsImltc09yZ05hbWUiOiJudHRkYXRhYW1lcnB0cnNkIiwia2V5IjoidW5pdmVyc2FsLWVkaXRvciIsImtpbmQiOiJ1c2VyIiwicHJldmlldyI6ZmFsc2V9 @ https://cdn.experience.adobe.net/solutions/cq-universal-editor/assets/index.DtFcSNOS.js:533
[106833174ms] [WARNING] [LaunchDarkly] Error on stream connection: {"isTrusted":true}, will continue retrying after 607 milliseconds. @ https://cdn.experience.adobe.net/solutions/cq-universal-editor/assets/index.DtFcSNOS.js:533
[106833174ms] [INFO] [LaunchDarkly] Closing stream connection @ https://cdn.experience.adobe.net/solutions/cq-universal-editor/assets/index.DtFcSNOS.js:533
[106833784ms] [INFO] [LaunchDarkly] Opening stream connection to https://clientstream.launchdarkly.com/eval/639196abae90b00d72cc97ab/eyJpbXNPcmdJZCI6IkVBMkIyOEI3NUI4RDUxOUUwQTQ5NUQzMUBBZG9iZU9yZyIsImltc09yZ05hbWUiOiJudHRkYXRhYW1lcnB0cnNkIiwia2V5IjoidW5pdmVyc2FsLWVkaXRvciIsImtpbmQiOiJ1c2VyIiwicHJldmlldyI6ZmFsc2V9 @ https://cdn.experience.adobe.net/solutions/cq-universal-editor/assets/index.DtFcSNOS.js:533
[108671972ms] [WARNING] [LaunchDarkly] Error on stream connection: {"isTrusted":true}, will continue retrying after 903 milliseconds. @ https://cdn.experience.adobe.net/solutions/cq-universal-editor/assets/index.DtFcSNOS.js:533
[108671972ms] [INFO] [LaunchDarkly] Closing stream connection @ https://cdn.experience.adobe.net/solutions/cq-universal-editor/assets/index.DtFcSNOS.js:533
[108671973ms] [ERROR] Failed to load resource: net::ERR_CONNECTION_RESET @ https://clientstream.launchdarkly.com/eval/639196abae90b00d72cc97ab/eyJpbXNPcmdJZCI6IkVBMkIyOEI3NUI4RDUxOUUwQTQ5NUQzMUBBZG9iZU9yZyIsImltc09yZ05hbWUiOiJudHRkYXRhYW1lcnB0cnNkIiwia2V5IjoidW5pdmVyc2FsLWVkaXRvciIsImtpbmQiOiJ1c2VyIiwicHJldmlldyI6ZmFsc2V9:0
[108672878ms] [INFO] [LaunchDarkly] Opening stream connection to https://clientstream.launchdarkly.com/eval/639196abae90b00d72cc97ab/eyJpbXNPcmdJZCI6IkVBMkIyOEI3NUI4RDUxOUUwQTQ5NUQzMUBBZG9iZU9yZyIsImltc09yZ05hbWUiOiJudHRkYXRhYW1lcnB0cnNkIiwia2V5IjoidW5pdmVyc2FsLWVkaXRvciIsImtpbmQiOiJ1c2VyIiwicHJldmlldyI6ZmFsc2V9 @ https://cdn.experience.adobe.net/solutions/cq-universal-editor/assets/index.DtFcSNOS.js:533
[109851485ms] [WARNING] [LaunchDarkly] Error on stream connection: {"isTrusted":true}, will continue retrying after 714 milliseconds. @ https://cdn.experience.adobe.net/solutions/cq-universal-editor/assets/index.DtFcSNOS.js:533
[109851486ms] [INFO] [LaunchDarkly] Closing stream connection @ https://cdn.experience.adobe.net/solutions/cq-universal-editor/assets/index.DtFcSNOS.js:533
[109851486ms] [ERROR] Failed to load resource: net::ERR_CONNECTION_RESET @ https://clientstream.launchdarkly.com/eval/639196abae90b00d72cc97ab/eyJpbXNPcmdJZCI6IkVBMkIyOEI3NUI4RDUxOUUwQTQ5NUQzMUBBZG9iZU9yZyIsImltc09yZ05hbWUiOiJudHRkYXRhYW1lcnB0cnNkIiwia2V5IjoidW5pdmVyc2FsLWVkaXRvciIsImtpbmQiOiJ1c2VyIiwicHJldmlldyI6ZmFsc2V9:0
[109852202ms] [INFO] [LaunchDarkly] Opening stream connection to https://clientstream.launchdarkly.com/eval/639196abae90b00d72cc97ab/eyJpbXNPcmdJZCI6IkVBMkIyOEI3NUI4RDUxOUUwQTQ5NUQzMUBBZG9iZU9yZyIsImltc09yZ05hbWUiOiJudHRkYXRhYW1lcnB0cnNkIiwia2V5IjoidW5pdmVyc2FsLWVkaXRvciIsImtpbmQiOiJ1c2VyIiwicHJldmlldyI6ZmFsc2V9 @ https://cdn.experience.adobe.net/solutions/cq-universal-editor/assets/index.DtFcSNOS.js:533
[115366840ms] [ERROR] Failed to load resource: net::ERR_TIMED_OUT @ https://telemetry.adobe.io/ingest?api_key=metrics-sdk-js:0
[115366841ms] [LOG] Error in fetch.catch,  TypeError: Failed to fetch
    at c.post (https://cdn.experience.adobe.net/assets/metricsRuntime.ecbf3d6a.js:1:28085)
    at c.<anonymous> (https://cdn.experience.adobe.net/assets/metricsRuntime.ecbf3d6a.js:1:30453)
    at next (<anonymous>)
    at https://cdn.experience.adobe.net/assets/metricsRuntime.ecbf3d6a.js:1:26559
    at new Promise (<anonymous>)
    at https://cdn.experience.adobe.net/assets/metricsRuntime.ecbf3d6a.js:1:26308
    at c.flush (https://cdn.experience.adobe.net/assets/metricsRuntime.ecbf3d6a.js:1:30168)
    at c.<anonymous> (https://cdn.experience.adobe.net/assets/metricsRuntime.ecbf3d6a.js:1:27194)
    at next (<anonymous>)
    at https://cdn.experience.adobe.net/assets/metricsRuntime.ecbf3d6a.js:1:26559 @ https://cdn.experience.adobe.net/assets/metricsRuntime.ecbf3d6a.js:0
[116220148ms] [ERROR] Failed to load resource: net::ERR_TIMED_OUT @ https://telemetry.adobe.io/ingest?api_key=metrics-sdk-js:0
[116220149ms] [LOG] Error in fetch.catch,  TypeError: Failed to fetch
    at c.post (https://cdn.experience.adobe.net/assets/metricsRuntime.ecbf3d6a.js:1:28085)
    at c.<anonymous> (https://cdn.experience.adobe.net/assets/metricsRuntime.ecbf3d6a.js:1:30453)
    at next (<anonymous>)
    at https://cdn.experience.adobe.net/assets/metricsRuntime.ecbf3d6a.js:1:26559
    at new Promise (<anonymous>)
    at https://cdn.experience.adobe.net/assets/metricsRuntime.ecbf3d6a.js:1:26308
    at c.flush (https://cdn.experience.adobe.net/assets/metricsRuntime.ecbf3d6a.js:1:30168)
    at c.<anonymous> (https://cdn.experience.adobe.net/assets/metricsRuntime.ecbf3d6a.js:1:27194)
    at next (<anonymous>)
    at https://cdn.experience.adobe.net/assets/metricsRuntime.ecbf3d6a.js:1:26559 @ https://cdn.experience.adobe.net/assets/metricsRuntime.ecbf3d6a.js:0
[116920035ms] [WARNING] [LaunchDarkly] Error on stream connection: {"isTrusted":true}, will continue retrying after 692 milliseconds. @ https://cdn.experience.adobe.net/solutions/cq-universal-editor/assets/index.DtFcSNOS.js:533
[116920035ms] [INFO] [LaunchDarkly] Closing stream connection @ https://cdn.experience.adobe.net/solutions/cq-universal-editor/assets/index.DtFcSNOS.js:533
[116920035ms] [ERROR] Failed to load resource: net::ERR_CONNECTION_RESET @ https://clientstream.launchdarkly.com/eval/639196abae90b00d72cc97ab/eyJpbXNPcmdJZCI6IkVBMkIyOEI3NUI4RDUxOUUwQTQ5NUQzMUBBZG9iZU9yZyIsImltc09yZ05hbWUiOiJudHRkYXRhYW1lcnB0cnNkIiwia2V5IjoidW5pdmVyc2FsLWVkaXRvciIsImtpbmQiOiJ1c2VyIiwicHJldmlldyI6ZmFsc2V9:0
[116920727ms] [INFO] [LaunchDarkly] Opening stream connection to https://clientstream.launchdarkly.com/eval/639196abae90b00d72cc97ab/eyJpbXNPcmdJZCI6IkVBMkIyOEI3NUI4RDUxOUUwQTQ5NUQzMUBBZG9iZU9yZyIsImltc09yZ05hbWUiOiJudHRkYXRhYW1lcnB0cnNkIiwia2V5IjoidW5pdmVyc2FsLWVkaXRvciIsImtpbmQiOiJ1c2VyIiwicHJldmlldyI6ZmFsc2V9 @ https://cdn.experience.adobe.net/solutions/cq-universal-editor/assets/index.DtFcSNOS.js:533
[118851576ms] [WARNING] [LaunchDarkly] Error on stream connection: {"isTrusted":true}, will continue retrying after 885 milliseconds. @ https://cdn.experience.adobe.net/solutions/cq-universal-editor/assets/index.DtFcSNOS.js:533
[118851576ms] [INFO] [LaunchDarkly] Closing stream connection @ https://cdn.experience.adobe.net/solutions/cq-universal-editor/assets/index.DtFcSNOS.js:533
[118851576ms] [ERROR] Failed to load resource: net::ERR_INCOMPLETE_CHUNKED_ENCODING @ https://clientstream.launchdarkly.com/eval/639196abae90b00d72cc97ab/eyJpbXNPcmdJZCI6IkVBMkIyOEI3NUI4RDUxOUUwQTQ5NUQzMUBBZG9iZU9yZyIsImltc09yZ05hbWUiOiJudHRkYXRhYW1lcnB0cnNkIiwia2V5IjoidW5pdmVyc2FsLWVkaXRvciIsImtpbmQiOiJ1c2VyIiwicHJldmlldyI6ZmFsc2V9:0
[118852463ms] [INFO] [LaunchDarkly] Opening stream connection to https://clientstream.launchdarkly.com/eval/639196abae90b00d72cc97ab/eyJpbXNPcmdJZCI6IkVBMkIyOEI3NUI4RDUxOUUwQTQ5NUQzMUBBZG9iZU9yZyIsImltc09yZ05hbWUiOiJudHRkYXRhYW1lcnB0cnNkIiwia2V5IjoidW5pdmVyc2FsLWVkaXRvciIsImtpbmQiOiJ1c2VyIiwicHJldmlldyI6ZmFsc2V9 @ https://cdn.experience.adobe.net/solutions/cq-universal-editor/assets/index.DtFcSNOS.js:533
[121313613ms] [WARNING] [LaunchDarkly] Error on stream connection: {"isTrusted":true}, will continue retrying after 643 milliseconds. @ https://cdn.experience.adobe.net/solutions/cq-universal-editor/assets/index.DtFcSNOS.js:533
[121313614ms] [INFO] [LaunchDarkly] Closing stream connection @ https://cdn.experience.adobe.net/solutions/cq-universal-editor/assets/index.DtFcSNOS.js:533
[121313614ms] [ERROR] Failed to load resource: net::ERR_CONNECTION_RESET @ https://clientstream.launchdarkly.com/eval/639196abae90b00d72cc97ab/eyJpbXNPcmdJZCI6IkVBMkIyOEI3NUI4RDUxOUUwQTQ5NUQzMUBBZG9iZU9yZyIsImltc09yZ05hbWUiOiJudHRkYXRhYW1lcnB0cnNkIiwia2V5IjoidW5pdmVyc2FsLWVkaXRvciIsImtpbmQiOiJ1c2VyIiwicHJldmlldyI6ZmFsc2V9:0
[121314259ms] [INFO] [LaunchDarkly] Opening stream connection to https://clientstream.launchdarkly.com/eval/639196abae90b00d72cc97ab/eyJpbXNPcmdJZCI6IkVBMkIyOEI3NUI4RDUxOUUwQTQ5NUQzMUBBZG9iZU9yZyIsImltc09yZ05hbWUiOiJudHRkYXRhYW1lcnB0cnNkIiwia2V5IjoidW5pdmVyc2FsLWVkaXRvciIsImtpbmQiOiJ1c2VyIiwicHJldmlldyI6ZmFsc2V9 @ https://cdn.experience.adobe.net/solutions/cq-universal-editor/assets/index.DtFcSNOS.js:533
[122056205ms] [WARNING] [LaunchDarkly] Error on stream connection: {"isTrusted":true}, will continue retrying after 905 milliseconds. @ https://cdn.experience.adobe.net/solutions/cq-universal-editor/assets/index.DtFcSNOS.js:533
[122056205ms] [INFO] [LaunchDarkly] Closing stream connection @ https://cdn.experience.adobe.net/solutions/cq-universal-editor/assets/index.DtFcSNOS.js:533
[122056205ms] [ERROR] Failed to load resource: net::ERR_CONNECTION_RESET @ https://clientstream.launchdarkly.com/eval/639196abae90b00d72cc97ab/eyJpbXNPcmdJZCI6IkVBMkIyOEI3NUI4RDUxOUUwQTQ5NUQzMUBBZG9iZU9yZyIsImltc09yZ05hbWUiOiJudHRkYXRhYW1lcnB0cnNkIiwia2V5IjoidW5pdmVyc2FsLWVkaXRvciIsImtpbmQiOiJ1c2VyIiwicHJldmlldyI6ZmFsc2V9:0
[122057113ms] [INFO] [LaunchDarkly] Opening stream connection to https://clientstream.launchdarkly.com/eval/639196abae90b00d72cc97ab/eyJpbXNPcmdJZCI6IkVBMkIyOEI3NUI4RDUxOUUwQTQ5NUQzMUBBZG9iZU9yZyIsImltc09yZ05hbWUiOiJudHRkYXRhYW1lcnB0cnNkIiwia2V5IjoidW5pdmVyc2FsLWVkaXRvciIsImtpbmQiOiJ1c2VyIiwicHJldmlldyI6ZmFsc2V9 @ https://cdn.experience.adobe.net/solutions/cq-universal-editor/assets/index.DtFcSNOS.js:533
[122215281ms] [WARNING] [LaunchDarkly] Error on stream connection: {"isTrusted":true}, will continue retrying after 659 milliseconds. @ https://cdn.experience.adobe.net/solutions/cq-universal-editor/assets/index.DtFcSNOS.js:533
[122215281ms] [INFO] [LaunchDarkly] Closing stream connection @ https://cdn.experience.adobe.net/solutions/cq-universal-editor/assets/index.DtFcSNOS.js:533
[122215281ms] [ERROR] Failed to load resource: net::ERR_CONNECTION_RESET @ https://clientstream.launchdarkly.com/eval/639196abae90b00d72cc97ab/eyJpbXNPcmdJZCI6IkVBMkIyOEI3NUI4RDUxOUUwQTQ5NUQzMUBBZG9iZU9yZyIsImltc09yZ05hbWUiOiJudHRkYXRhYW1lcnB0cnNkIiwia2V5IjoidW5pdmVyc2FsLWVkaXRvciIsImtpbmQiOiJ1c2VyIiwicHJldmlldyI6ZmFsc2V9:0
[122215942ms] [INFO] [LaunchDarkly] Opening stream connection to https://clientstream.launchdarkly.com/eval/639196abae90b00d72cc97ab/eyJpbXNPcmdJZCI6IkVBMkIyOEI3NUI4RDUxOUUwQTQ5NUQzMUBBZG9iZU9yZyIsImltc09yZ05hbWUiOiJudHRkYXRhYW1lcnB0cnNkIiwia2V5IjoidW5pdmVyc2FsLWVkaXRvciIsImtpbmQiOiJ1c2VyIiwicHJldmlldyI6ZmFsc2V9 @ https://cdn.experience.adobe.net/solutions/cq-universal-editor/assets/index.DtFcSNOS.js:533
[123384799ms] [WARNING] [LaunchDarkly] Error on stream connection: {"isTrusted":true}, will continue retrying after 886 milliseconds. @ https://cdn.experience.adobe.net/solutions/cq-universal-editor/assets/index.DtFcSNOS.js:533
[123384800ms] [INFO] [LaunchDarkly] Closing stream connection @ https://cdn.experience.adobe.net/solutions/cq-universal-editor/assets/index.DtFcSNOS.js:533
[123384800ms] [ERROR] Failed to load resource: net::ERR_CONNECTION_RESET @ https://clientstream.launchdarkly.com/eval/639196abae90b00d72cc97ab/eyJpbXNPcmdJZCI6IkVBMkIyOEI3NUI4RDUxOUUwQTQ5NUQzMUBBZG9iZU9yZyIsImltc09yZ05hbWUiOiJudHRkYXRhYW1lcnB0cnNkIiwia2V5IjoidW5pdmVyc2FsLWVkaXRvciIsImtpbmQiOiJ1c2VyIiwicHJldmlldyI6ZmFsc2V9:0
[123385688ms] [INFO] [LaunchDarkly] Opening stream connection to https://clientstream.launchdarkly.com/eval/639196abae90b00d72cc97ab/eyJpbXNPcmdJZCI6IkVBMkIyOEI3NUI4RDUxOUUwQTQ5NUQzMUBBZG9iZU9yZyIsImltc09yZ05hbWUiOiJudHRkYXRhYW1lcnB0cnNkIiwia2V5IjoidW5pdmVyc2FsLWVkaXRvciIsImtpbmQiOiJ1c2VyIiwicHJldmlldyI6ZmFsc2V9 @ https://cdn.experience.adobe.net/solutions/cq-universal-editor/assets/index.DtFcSNOS.js:533
[126478159ms] [WARNING] [LaunchDarkly] Error on stream connection: {"isTrusted":true}, will continue retrying after 995 milliseconds. @ https://cdn.experience.adobe.net/solutions/cq-universal-editor/assets/index.DtFcSNOS.js:533
[126478160ms] [INFO] [LaunchDarkly] Closing stream connection @ https://cdn.experience.adobe.net/solutions/cq-universal-editor/assets/index.DtFcSNOS.js:533
[126478160ms] [ERROR] Failed to load resource: net::ERR_CONNECTION_RESET @ https://clientstream.launchdarkly.com/eval/639196abae90b00d72cc97ab/eyJpbXNPcmdJZCI6IkVBMkIyOEI3NUI4RDUxOUUwQTQ5NUQzMUBBZG9iZU9yZyIsImltc09yZ05hbWUiOiJudHRkYXRhYW1lcnB0cnNkIiwia2V5IjoidW5pdmVyc2FsLWVkaXRvciIsImtpbmQiOiJ1c2VyIiwicHJldmlldyI6ZmFsc2V9:0
[126479158ms] [INFO] [LaunchDarkly] Opening stream connection to https://clientstream.launchdarkly.com/eval/639196abae90b00d72cc97ab/eyJpbXNPcmdJZCI6IkVBMkIyOEI3NUI4RDUxOUUwQTQ5NUQzMUBBZG9iZU9yZyIsImltc09yZ05hbWUiOiJudHRkYXRhYW1lcnB0cnNkIiwia2V5IjoidW5pdmVyc2FsLWVkaXRvciIsImtpbmQiOiJ1c2VyIiwicHJldmlldyI6ZmFsc2V9 @ https://cdn.experience.adobe.net/solutions/cq-universal-editor/assets/index.DtFcSNOS.js:533
[128731154ms] [WARNING] [LaunchDarkly] Error on stream connection: {"isTrusted":true}, will continue retrying after 506 milliseconds. @ https://cdn.experience.adobe.net/solutions/cq-universal-editor/assets/index.DtFcSNOS.js:533
[128731154ms] [INFO] [LaunchDarkly] Closing stream connection @ https://cdn.experience.adobe.net/solutions/cq-universal-editor/assets/index.DtFcSNOS.js:533
[128731664ms] [INFO] [LaunchDarkly] Opening stream connection to https://clientstream.launchdarkly.com/eval/639196abae90b00d72cc97ab/eyJpbXNPcmdJZCI6IkVBMkIyOEI3NUI4RDUxOUUwQTQ5NUQzMUBBZG9iZU9yZyIsImltc09yZ05hbWUiOiJudHRkYXRhYW1lcnB0cnNkIiwia2V5IjoidW5pdmVyc2FsLWVkaXRvciIsImtpbmQiOiJ1c2VyIiwicHJldmlldyI6ZmFsc2V9 @ https://cdn.experience.adobe.net/solutions/cq-universal-editor/assets/index.DtFcSNOS.js:533
[129414515ms] [WARNING] [LaunchDarkly] Error on stream connection: {"isTrusted":true}, will continue retrying after 841 milliseconds. @ https://cdn.experience.adobe.net/solutions/cq-universal-editor/assets/index.DtFcSNOS.js:533
[129414515ms] [INFO] [LaunchDarkly] Closing stream connection @ https://cdn.experience.adobe.net/solutions/cq-universal-editor/assets/index.DtFcSNOS.js:533
[129414515ms] [ERROR] Failed to load resource: net::ERR_INCOMPLETE_CHUNKED_ENCODING @ https://clientstream.launchdarkly.com/eval/639196abae90b00d72cc97ab/eyJpbXNPcmdJZCI6IkVBMkIyOEI3NUI4RDUxOUUwQTQ5NUQzMUBBZG9iZU9yZyIsImltc09yZ05hbWUiOiJudHRkYXRhYW1lcnB0cnNkIiwia2V5IjoidW5pdmVyc2FsLWVkaXRvciIsImtpbmQiOiJ1c2VyIiwicHJldmlldyI6ZmFsc2V9:0
[129415358ms] [INFO] [LaunchDarkly] Opening stream connection to https://clientstream.launchdarkly.com/eval/639196abae90b00d72cc97ab/eyJpbXNPcmdJZCI6IkVBMkIyOEI3NUI4RDUxOUUwQTQ5NUQzMUBBZG9iZU9yZyIsImltc09yZ05hbWUiOiJudHRkYXRhYW1lcnB0cnNkIiwia2V5IjoidW5pdmVyc2FsLWVkaXRvciIsImtpbmQiOiJ1c2VyIiwicHJldmlldyI6ZmFsc2V9 @ https://cdn.experience.adobe.net/solutions/cq-universal-editor/assets/index.DtFcSNOS.js:533
[134313119ms] [WARNING] [LaunchDarkly] Error on stream connection: {"isTrusted":true}, will continue retrying after 721 milliseconds. @ https://cdn.experience.adobe.net/solutions/cq-universal-editor/assets/index.DtFcSNOS.js:533
[134313119ms] [INFO] [LaunchDarkly] Closing stream connection @ https://cdn.experience.adobe.net/solutions/cq-universal-editor/assets/index.DtFcSNOS.js:533
[134313120ms] [ERROR] Failed to load resource: net::ERR_CONNECTION_RESET @ https://clientstream.launchdarkly.com/eval/639196abae90b00d72cc97ab/eyJpbXNPcmdJZCI6IkVBMkIyOEI3NUI4RDUxOUUwQTQ5NUQzMUBBZG9iZU9yZyIsImltc09yZ05hbWUiOiJudHRkYXRhYW1lcnB0cnNkIiwia2V5IjoidW5pdmVyc2FsLWVkaXRvciIsImtpbmQiOiJ1c2VyIiwicHJldmlldyI6ZmFsc2V9:0
[134313843ms] [INFO] [LaunchDarkly] Opening stream connection to https://clientstream.launchdarkly.com/eval/639196abae90b00d72cc97ab/eyJpbXNPcmdJZCI6IkVBMkIyOEI3NUI4RDUxOUUwQTQ5NUQzMUBBZG9iZU9yZyIsImltc09yZ05hbWUiOiJudHRkYXRhYW1lcnB0cnNkIiwia2V5IjoidW5pdmVyc2FsLWVkaXRvciIsImtpbmQiOiJ1c2VyIiwicHJldmlldyI6ZmFsc2V9 @ https://cdn.experience.adobe.net/solutions/cq-universal-editor/assets/index.DtFcSNOS.js:533
[135698599ms] [WARNING] [LaunchDarkly] Error on stream connection: {"isTrusted":true}, will continue retrying after 812 milliseconds. @ https://cdn.experience.adobe.net/solutions/cq-universal-editor/assets/index.DtFcSNOS.js:533
[135698599ms] [INFO] [LaunchDarkly] Closing stream connection @ https://cdn.experience.adobe.net/solutions/cq-universal-editor/assets/index.DtFcSNOS.js:533
[135698599ms] [ERROR] Failed to load resource: net::ERR_INCOMPLETE_CHUNKED_ENCODING @ https://clientstream.launchdarkly.com/eval/639196abae90b00d72cc97ab/eyJpbXNPcmdJZCI6IkVBMkIyOEI3NUI4RDUxOUUwQTQ5NUQzMUBBZG9iZU9yZyIsImltc09yZ05hbWUiOiJudHRkYXRhYW1lcnB0cnNkIiwia2V5IjoidW5pdmVyc2FsLWVkaXRvciIsImtpbmQiOiJ1c2VyIiwicHJldmlldyI6ZmFsc2V9:0
[135746705ms] [INFO] [LaunchDarkly] Opening stream connection to https://clientstream.launchdarkly.com/eval/639196abae90b00d72cc97ab/eyJpbXNPcmdJZCI6IkVBMkIyOEI3NUI4RDUxOUUwQTQ5NUQzMUBBZG9iZU9yZyIsImltc09yZ05hbWUiOiJudHRkYXRhYW1lcnB0cnNkIiwia2V5IjoidW5pdmVyc2FsLWVkaXRvciIsImtpbmQiOiJ1c2VyIiwicHJldmlldyI6ZmFsc2V9 @ https://cdn.experience.adobe.net/solutions/cq-universal-editor/assets/index.DtFcSNOS.js:533
[141463494ms] [WARNING] [LaunchDarkly] Error on stream connection: {"isTrusted":true}, will continue retrying after 677 milliseconds. @ https://cdn.experience.adobe.net/solutions/cq-universal-editor/assets/index.DtFcSNOS.js:533
[141463494ms] [INFO] [LaunchDarkly] Closing stream connection @ https://cdn.experience.adobe.net/solutions/cq-universal-editor/assets/index.DtFcSNOS.js:533
[141464172ms] [INFO] [LaunchDarkly] Opening stream connection to https://clientstream.launchdarkly.com/eval/639196abae90b00d72cc97ab/eyJpbXNPcmdJZCI6IkVBMkIyOEI3NUI4RDUxOUUwQTQ5NUQzMUBBZG9iZU9yZyIsImltc09yZ05hbWUiOiJudHRkYXRhYW1lcnB0cnNkIiwia2V5IjoidW5pdmVyc2FsLWVkaXRvciIsImtpbmQiOiJ1c2VyIiwicHJldmlldyI6ZmFsc2V9 @ https://cdn.experience.adobe.net/solutions/cq-universal-editor/assets/index.DtFcSNOS.js:533
[146195992ms] [ERROR] Failed to load resource: net::ERR_TIMED_OUT @ https://telemetry.adobe.io/ingest?api_key=metrics-sdk-js:0
[146195993ms] [LOG] Error in fetch.catch,  TypeError: Failed to fetch
    at c.post (https://cdn.experience.adobe.net/assets/metricsRuntime.ecbf3d6a.js:1:28085)
    at c.<anonymous> (https://cdn.experience.adobe.net/assets/metricsRuntime.ecbf3d6a.js:1:30453)
    at next (<anonymous>)
    at https://cdn.experience.adobe.net/assets/metricsRuntime.ecbf3d6a.js:1:26559
    at new Promise (<anonymous>)
    at https://cdn.experience.adobe.net/assets/metricsRuntime.ecbf3d6a.js:1:26308
    at c.flush (https://cdn.experience.adobe.net/assets/metricsRuntime.ecbf3d6a.js:1:30168)
    at c.<anonymous> (https://cdn.experience.adobe.net/assets/metricsRuntime.ecbf3d6a.js:1:27194)
    at next (<anonymous>)
    at https://cdn.experience.adobe.net/assets/metricsRuntime.ecbf3d6a.js:1:26559 @ https://cdn.experience.adobe.net/assets/metricsRuntime.ecbf3d6a.js:0
[146499249ms] [WARNING] [LaunchDarkly] Error on stream connection: {"isTrusted":true}, will continue retrying after 651 milliseconds. @ https://cdn.experience.adobe.net/solutions/cq-universal-editor/assets/index.DtFcSNOS.js:533
[146499249ms] [INFO] [LaunchDarkly] Closing stream connection @ https://cdn.experience.adobe.net/solutions/cq-universal-editor/assets/index.DtFcSNOS.js:533
[146499249ms] [ERROR] Failed to load resource: net::ERR_CONNECTION_RESET @ https://clientstream.launchdarkly.com/eval/639196abae90b00d72cc97ab/eyJpbXNPcmdJZCI6IkVBMkIyOEI3NUI4RDUxOUUwQTQ5NUQzMUBBZG9iZU9yZyIsImltc09yZ05hbWUiOiJudHRkYXRhYW1lcnB0cnNkIiwia2V5IjoidW5pdmVyc2FsLWVkaXRvciIsImtpbmQiOiJ1c2VyIiwicHJldmlldyI6ZmFsc2V9:0
[146499902ms] [INFO] [LaunchDarkly] Opening stream connection to https://clientstream.launchdarkly.com/eval/639196abae90b00d72cc97ab/eyJpbXNPcmdJZCI6IkVBMkIyOEI3NUI4RDUxOUUwQTQ5NUQzMUBBZG9iZU9yZyIsImltc09yZ05hbWUiOiJudHRkYXRhYW1lcnB0cnNkIiwia2V5IjoidW5pdmVyc2FsLWVkaXRvciIsImtpbmQiOiJ1c2VyIiwicHJldmlldyI6ZmFsc2V9 @ https://cdn.experience.adobe.net/solutions/cq-universal-editor/assets/index.DtFcSNOS.js:533
[151132246ms] [WARNING] [LaunchDarkly] Error on stream connection: {"isTrusted":true}, will continue retrying after 730 milliseconds. @ https://cdn.experience.adobe.net/solutions/cq-universal-editor/assets/index.DtFcSNOS.js:533
[151132246ms] [INFO] [LaunchDarkly] Closing stream connection @ https://cdn.experience.adobe.net/solutions/cq-universal-editor/assets/index.DtFcSNOS.js:533
[151132979ms] [INFO] [LaunchDarkly] Opening stream connection to https://clientstream.launchdarkly.com/eval/639196abae90b00d72cc97ab/eyJpbXNPcmdJZCI6IkVBMkIyOEI3NUI4RDUxOUUwQTQ5NUQzMUBBZG9iZU9yZyIsImltc09yZ05hbWUiOiJudHRkYXRhYW1lcnB0cnNkIiwia2V5IjoidW5pdmVyc2FsLWVkaXRvciIsImtpbmQiOiJ1c2VyIiwicHJldmlldyI6ZmFsc2V9 @ https://cdn.experience.adobe.net/solutions/cq-universal-editor/assets/index.DtFcSNOS.js:533
[152667484ms] [WARNING] [LaunchDarkly] Error on stream connection: {"isTrusted":true}, will continue retrying after 963 milliseconds. @ https://cdn.experience.adobe.net/solutions/cq-universal-editor/assets/index.DtFcSNOS.js:533
[152667484ms] [INFO] [LaunchDarkly] Closing stream connection @ https://cdn.experience.adobe.net/solutions/cq-universal-editor/assets/index.DtFcSNOS.js:533
[152667484ms] [ERROR] Failed to load resource: net::ERR_INCOMPLETE_CHUNKED_ENCODING @ https://clientstream.launchdarkly.com/eval/639196abae90b00d72cc97ab/eyJpbXNPcmdJZCI6IkVBMkIyOEI3NUI4RDUxOUUwQTQ5NUQzMUBBZG9iZU9yZyIsImltc09yZ05hbWUiOiJudHRkYXRhYW1lcnB0cnNkIiwia2V5IjoidW5pdmVyc2FsLWVkaXRvciIsImtpbmQiOiJ1c2VyIiwicHJldmlldyI6ZmFsc2V9:0
[152668448ms] [INFO] [LaunchDarkly] Opening stream connection to https://clientstream.launchdarkly.com/eval/639196abae90b00d72cc97ab/eyJpbXNPcmdJZCI6IkVBMkIyOEI3NUI4RDUxOUUwQTQ5NUQzMUBBZG9iZU9yZyIsImltc09yZ05hbWUiOiJudHRkYXRhYW1lcnB0cnNkIiwia2V5IjoidW5pdmVyc2FsLWVkaXRvciIsImtpbmQiOiJ1c2VyIiwicHJldmlldyI6ZmFsc2V9 @ https://cdn.experience.adobe.net/solutions/cq-universal-editor/assets/index.DtFcSNOS.js:533
[153378819ms] [ERROR] Failed to load resource: net::ERR_TIMED_OUT @ https://telemetry.adobe.io/ingest?api_key=metrics-sdk-js:0
[153378821ms] [LOG] Error in fetch.catch,  TypeError: Failed to fetch
    at c.post (https://cdn.experience.adobe.net/assets/metricsRuntime.ecbf3d6a.js:1:28085)
    at c.<anonymous> (https://cdn.experience.adobe.net/assets/metricsRuntime.ecbf3d6a.js:1:30453)
    at next (<anonymous>)
    at https://cdn.experience.adobe.net/assets/metricsRuntime.ecbf3d6a.js:1:26559
    at new Promise (<anonymous>)
    at https://cdn.experience.adobe.net/assets/metricsRuntime.ecbf3d6a.js:1:26308
    at c.flush (https://cdn.experience.adobe.net/assets/metricsRuntime.ecbf3d6a.js:1:30168)
    at c.<anonymous> (https://cdn.experience.adobe.net/assets/metricsRuntime.ecbf3d6a.js:1:27194)
    at next (<anonymous>)
    at https://cdn.experience.adobe.net/assets/metricsRuntime.ecbf3d6a.js:1:26559 @ https://cdn.experience.adobe.net/assets/metricsRuntime.ecbf3d6a.js:0
[153759159ms] [WARNING] [LaunchDarkly] Error on stream connection: {"isTrusted":true}, will continue retrying after 939 milliseconds. @ https://cdn.experience.adobe.net/solutions/cq-universal-editor/assets/index.DtFcSNOS.js:533
[153759159ms] [INFO] [LaunchDarkly] Closing stream connection @ https://cdn.experience.adobe.net/solutions/cq-universal-editor/assets/index.DtFcSNOS.js:533
[153759159ms] [ERROR] Failed to load resource: net::ERR_CONNECTION_RESET @ https://clientstream.launchdarkly.com/eval/639196abae90b00d72cc97ab/eyJpbXNPcmdJZCI6IkVBMkIyOEI3NUI4RDUxOUUwQTQ5NUQzMUBBZG9iZU9yZyIsImltc09yZ05hbWUiOiJudHRkYXRhYW1lcnB0cnNkIiwia2V5IjoidW5pdmVyc2FsLWVkaXRvciIsImtpbmQiOiJ1c2VyIiwicHJldmlldyI6ZmFsc2V9:0
[153760101ms] [INFO] [LaunchDarkly] Opening stream connection to https://clientstream.launchdarkly.com/eval/639196abae90b00d72cc97ab/eyJpbXNPcmdJZCI6IkVBMkIyOEI3NUI4RDUxOUUwQTQ5NUQzMUBBZG9iZU9yZyIsImltc09yZ05hbWUiOiJudHRkYXRhYW1lcnB0cnNkIiwia2V5IjoidW5pdmVyc2FsLWVkaXRvciIsImtpbmQiOiJ1c2VyIiwicHJldmlldyI6ZmFsc2V9 @ https://cdn.experience.adobe.net/solutions/cq-universal-editor/assets/index.DtFcSNOS.js:533
[158785491ms] [WARNING] [LaunchDarkly] Error on stream connection: {"isTrusted":true}, will continue retrying after 585 milliseconds. @ https://cdn.experience.adobe.net/solutions/cq-universal-editor/assets/index.DtFcSNOS.js:533
[158785493ms] [INFO] [LaunchDarkly] Closing stream connection @ https://cdn.experience.adobe.net/solutions/cq-universal-editor/assets/index.DtFcSNOS.js:533
[158786080ms] [INFO] [LaunchDarkly] Opening stream connection to https://clientstream.launchdarkly.com/eval/639196abae90b00d72cc97ab/eyJpbXNPcmdJZCI6IkVBMkIyOEI3NUI4RDUxOUUwQTQ5NUQzMUBBZG9iZU9yZyIsImltc09yZ05hbWUiOiJudHRkYXRhYW1lcnB0cnNkIiwia2V5IjoidW5pdmVyc2FsLWVkaXRvciIsImtpbmQiOiJ1c2VyIiwicHJldmlldyI6ZmFsc2V9 @ https://cdn.experience.adobe.net/solutions/cq-universal-editor/assets/index.DtFcSNOS.js:533
[160720326ms] [WARNING] [LaunchDarkly] Error on stream connection: {"isTrusted":true}, will continue retrying after 735 milliseconds. @ https://cdn.experience.adobe.net/solutions/cq-universal-editor/assets/index.DtFcSNOS.js:533
[160720327ms] [INFO] [LaunchDarkly] Closing stream connection @ https://cdn.experience.adobe.net/solutions/cq-universal-editor/assets/index.DtFcSNOS.js:533
[160721064ms] [INFO] [LaunchDarkly] Opening stream connection to https://clientstream.launchdarkly.com/eval/639196abae90b00d72cc97ab/eyJpbXNPcmdJZCI6IkVBMkIyOEI3NUI4RDUxOUUwQTQ5NUQzMUBBZG9iZU9yZyIsImltc09yZ05hbWUiOiJudHRkYXRhYW1lcnB0cnNkIiwia2V5IjoidW5pdmVyc2FsLWVkaXRvciIsImtpbmQiOiJ1c2VyIiwicHJldmlldyI6ZmFsc2V9 @ https://cdn.experience.adobe.net/solutions/cq-universal-editor/assets/index.DtFcSNOS.js:533
[162240418ms] [WARNING] [LaunchDarkly] Error on stream connection: {"isTrusted":true}, will continue retrying after 655 milliseconds. @ https://cdn.experience.adobe.net/solutions/cq-universal-editor/assets/index.DtFcSNOS.js:533
[162240419ms] [INFO] [LaunchDarkly] Closing stream connection @ https://cdn.experience.adobe.net/solutions/cq-universal-editor/assets/index.DtFcSNOS.js:533
[162241075ms] [INFO] [LaunchDarkly] Opening stream connection to https://clientstream.launchdarkly.com/eval/639196abae90b00d72cc97ab/eyJpbXNPcmdJZCI6IkVBMkIyOEI3NUI4RDUxOUUwQTQ5NUQzMUBBZG9iZU9yZyIsImltc09yZ05hbWUiOiJudHRkYXRhYW1lcnB0cnNkIiwia2V5IjoidW5pdmVyc2FsLWVkaXRvciIsImtpbmQiOiJ1c2VyIiwicHJldmlldyI6ZmFsc2V9 @ https://cdn.experience.adobe.net/solutions/cq-universal-editor/assets/index.DtFcSNOS.js:533
[166717292ms] [WARNING] [LaunchDarkly] Error on stream connection: {"isTrusted":true}, will continue retrying after 773 milliseconds. @ https://cdn.experience.adobe.net/solutions/cq-universal-editor/assets/index.DtFcSNOS.js:533
[166717292ms] [INFO] [LaunchDarkly] Closing stream connection @ https://cdn.experience.adobe.net/solutions/cq-universal-editor/assets/index.DtFcSNOS.js:533
[166718068ms] [INFO] [LaunchDarkly] Opening stream connection to https://clientstream.launchdarkly.com/eval/639196abae90b00d72cc97ab/eyJpbXNPcmdJZCI6IkVBMkIyOEI3NUI4RDUxOUUwQTQ5NUQzMUBBZG9iZU9yZyIsImltc09yZ05hbWUiOiJudHRkYXRhYW1lcnB0cnNkIiwia2V5IjoidW5pdmVyc2FsLWVkaXRvciIsImtpbmQiOiJ1c2VyIiwicHJldmlldyI6ZmFsc2V9 @ https://cdn.experience.adobe.net/solutions/cq-universal-editor/assets/index.DtFcSNOS.js:533
[169982651ms] [WARNING] [LaunchDarkly] Error on stream connection: {"isTrusted":true}, will continue retrying after 799 milliseconds. @ https://cdn.experience.adobe.net/solutions/cq-universal-editor/assets/index.DtFcSNOS.js:533
[169982651ms] [INFO] [LaunchDarkly] Closing stream connection @ https://cdn.experience.adobe.net/solutions/cq-universal-editor/assets/index.DtFcSNOS.js:533
[169982651ms] [ERROR] Failed to load resource: net::ERR_CONNECTION_RESET @ https://clientstream.launchdarkly.com/eval/639196abae90b00d72cc97ab/eyJpbXNPcmdJZCI6IkVBMkIyOEI3NUI4RDUxOUUwQTQ5NUQzMUBBZG9iZU9yZyIsImltc09yZ05hbWUiOiJudHRkYXRhYW1lcnB0cnNkIiwia2V5IjoidW5pdmVyc2FsLWVkaXRvciIsImtpbmQiOiJ1c2VyIiwicHJldmlldyI6ZmFsc2V9:0
[169983451ms] [INFO] [LaunchDarkly] Opening stream connection to https://clientstream.launchdarkly.com/eval/639196abae90b00d72cc97ab/eyJpbXNPcmdJZCI6IkVBMkIyOEI3NUI4RDUxOUUwQTQ5NUQzMUBBZG9iZU9yZyIsImltc09yZ05hbWUiOiJudHRkYXRhYW1lcnB0cnNkIiwia2V5IjoidW5pdmVyc2FsLWVkaXRvciIsImtpbmQiOiJ1c2VyIiwicHJldmlldyI6ZmFsc2V9 @ https://cdn.experience.adobe.net/solutions/cq-universal-editor/assets/index.DtFcSNOS.js:533
[172732165ms] [WARNING] [LaunchDarkly] Error on stream connection: {"isTrusted":true}, will continue retrying after 726 milliseconds. @ https://cdn.experience.adobe.net/solutions/cq-universal-editor/assets/index.DtFcSNOS.js:533
[172732165ms] [INFO] [LaunchDarkly] Closing stream connection @ https://cdn.experience.adobe.net/solutions/cq-universal-editor/assets/index.DtFcSNOS.js:533
[172732892ms] [INFO] [LaunchDarkly] Opening stream connection to https://clientstream.launchdarkly.com/eval/639196abae90b00d72cc97ab/eyJpbXNPcmdJZCI6IkVBMkIyOEI3NUI4RDUxOUUwQTQ5NUQzMUBBZG9iZU9yZyIsImltc09yZ05hbWUiOiJudHRkYXRhYW1lcnB0cnNkIiwia2V5IjoidW5pdmVyc2FsLWVkaXRvciIsImtpbmQiOiJ1c2VyIiwicHJldmlldyI6ZmFsc2V9 @ https://cdn.experience.adobe.net/solutions/cq-universal-editor/assets/index.DtFcSNOS.js:533
[178089968ms] [WARNING] [LaunchDarkly] Error on stream connection: {"isTrusted":true}, will continue retrying after 618 milliseconds. @ https://cdn.experience.adobe.net/solutions/cq-universal-editor/assets/index.DtFcSNOS.js:533
[178089968ms] [INFO] [LaunchDarkly] Closing stream connection @ https://cdn.experience.adobe.net/solutions/cq-universal-editor/assets/index.DtFcSNOS.js:533
[178090589ms] [INFO] [LaunchDarkly] Opening stream connection to https://clientstream.launchdarkly.com/eval/639196abae90b00d72cc97ab/eyJpbXNPcmdJZCI6IkVBMkIyOEI3NUI4RDUxOUUwQTQ5NUQzMUBBZG9iZU9yZyIsImltc09yZ05hbWUiOiJudHRkYXRhYW1lcnB0cnNkIiwia2V5IjoidW5pdmVyc2FsLWVkaXRvciIsImtpbmQiOiJ1c2VyIiwicHJldmlldyI6ZmFsc2V9 @ https://cdn.experience.adobe.net/solutions/cq-universal-editor/assets/index.DtFcSNOS.js:533
[178463655ms] [WARNING] [LaunchDarkly] Error on stream connection: {"isTrusted":true}, will continue retrying after 957 milliseconds. @ https://cdn.experience.adobe.net/solutions/cq-universal-editor/assets/index.DtFcSNOS.js:533
[178463656ms] [INFO] [LaunchDarkly] Closing stream connection @ https://cdn.experience.adobe.net/solutions/cq-universal-editor/assets/index.DtFcSNOS.js:533
[178463656ms] [ERROR] Failed to load resource: net::ERR_NETWORK_IO_SUSPENDED @ https://clientstream.launchdarkly.com/eval/639196abae90b00d72cc97ab/eyJpbXNPcmdJZCI6IkVBMkIyOEI3NUI4RDUxOUUwQTQ5NUQzMUBBZG9iZU9yZyIsImltc09yZ05hbWUiOiJudHRkYXRhYW1lcnB0cnNkIiwia2V5IjoidW5pdmVyc2FsLWVkaXRvciIsImtpbmQiOiJ1c2VyIiwicHJldmlldyI6ZmFsc2V9:0
[178979171ms] [INFO] [LaunchDarkly] Opening stream connection to https://clientstream.launchdarkly.com/eval/639196abae90b00d72cc97ab/eyJpbXNPcmdJZCI6IkVBMkIyOEI3NUI4RDUxOUUwQTQ5NUQzMUBBZG9iZU9yZyIsImltc09yZ05hbWUiOiJudHRkYXRhYW1lcnB0cnNkIiwia2V5IjoidW5pdmVyc2FsLWVkaXRvciIsImtpbmQiOiJ1c2VyIiwicHJldmlldyI6ZmFsc2V9 @ https://cdn.experience.adobe.net/solutions/cq-universal-editor/assets/index.DtFcSNOS.js:533
[178981525ms] [ERROR] Failed to load resource: net::ERR_INTERNET_DISCONNECTED @ https://telemetry.adobe.io/ingest?api_key=metrics-sdk-js:0
[178983052ms] [LOG] Error in fetch.catch,  TypeError: Failed to fetch
    at c.post (https://cdn.experience.adobe.net/assets/metricsRuntime.ecbf3d6a.js:1:28085)
    at c.<anonymous> (https://cdn.experience.adobe.net/assets/metricsRuntime.ecbf3d6a.js:1:30453)
    at next (<anonymous>)
    at https://cdn.experience.adobe.net/assets/metricsRuntime.ecbf3d6a.js:1:26559
    at new Promise (<anonymous>)
    at https://cdn.experience.adobe.net/assets/metricsRuntime.ecbf3d6a.js:1:26308
    at c.flush (https://cdn.experience.adobe.net/assets/metricsRuntime.ecbf3d6a.js:1:30168)
    at c.<anonymous> (https://cdn.experience.adobe.net/assets/metricsRuntime.ecbf3d6a.js:1:27194)
    at next (<anonymous>)
    at https://cdn.experience.adobe.net/assets/metricsRuntime.ecbf3d6a.js:1:26559 @ https://cdn.experience.adobe.net/assets/metricsRuntime.ecbf3d6a.js:0
[178983056ms] [INFO] [LaunchDarkly] Closing stream connection @ https://cdn.experience.adobe.net/solutions/cq-universal-editor/assets/index.DtFcSNOS.js:533
[178983056ms] [ERROR] Failed to load resource: net::ERR_INTERNET_DISCONNECTED @ https://clientstream.launchdarkly.com/eval/639196abae90b00d72cc97ab/eyJpbXNPcmdJZCI6IkVBMkIyOEI3NUI4RDUxOUUwQTQ5NUQzMUBBZG9iZU9yZyIsImltc09yZ05hbWUiOiJudHRkYXRhYW1lcnB0cnNkIiwia2V5IjoidW5pdmVyc2FsLWVkaXRvciIsImtpbmQiOiJ1c2VyIiwicHJldmlldyI6ZmFsc2V9:0
[178984464ms] [INFO] [LaunchDarkly] Opening stream connection to https://clientstream.launchdarkly.com/eval/639196abae90b00d72cc97ab/eyJpbXNPcmdJZCI6IkVBMkIyOEI3NUI4RDUxOUUwQTQ5NUQzMUBBZG9iZU9yZyIsImltc09yZ05hbWUiOiJudHRkYXRhYW1lcnB0cnNkIiwia2V5IjoidW5pdmVyc2FsLWVkaXRvciIsImtpbmQiOiJ1c2VyIiwicHJldmlldyI6ZmFsc2V9 @ https://cdn.experience.adobe.net/solutions/cq-universal-editor/assets/index.DtFcSNOS.js:533
[178985593ms] [ERROR] Failed to load resource: net::ERR_NETWORK_CHANGED @ https://telemetry.adobe.io/ingest?api_key=metrics-sdk-js:0
[178985594ms] [LOG] Error in fetch.catch,  TypeError: Failed to fetch
    at c.post (https://cdn.experience.adobe.net/assets/metricsRuntime.ecbf3d6a.js:1:28085)
    at c.<anonymous> (https://cdn.experience.adobe.net/assets/metricsRuntime.ecbf3d6a.js:1:30453)
    at next (<anonymous>)
    at https://cdn.experience.adobe.net/assets/metricsRuntime.ecbf3d6a.js:1:26559
    at new Promise (<anonymous>)
    at https://cdn.experience.adobe.net/assets/metricsRuntime.ecbf3d6a.js:1:26308
    at c.flush (https://cdn.experience.adobe.net/assets/metricsRuntime.ecbf3d6a.js:1:30168)
    at c.<anonymous> (https://cdn.experience.adobe.net/assets/metricsRuntime.ecbf3d6a.js:1:27194)
    at next (<anonymous>)
    at https://cdn.experience.adobe.net/assets/metricsRuntime.ecbf3d6a.js:1:26559 @ https://cdn.experience.adobe.net/assets/metricsRuntime.ecbf3d6a.js:0
[178985594ms] [ERROR] Failed to load resource: net::ERR_NETWORK_CHANGED @ https://telemetry.adobe.io/ingest?api_key=metrics-sdk-js:0
[178985594ms] [LOG] Error in fetch.catch,  TypeError: Failed to fetch
    at c.post (https://cdn.experience.adobe.net/assets/metricsRuntime.ecbf3d6a.js:1:28085)
    at c.<anonymous> (https://cdn.experience.adobe.net/assets/metricsRuntime.ecbf3d6a.js:1:30453)
    at next (<anonymous>)
    at https://cdn.experience.adobe.net/assets/metricsRuntime.ecbf3d6a.js:1:26559
    at new Promise (<anonymous>)
    at https://cdn.experience.adobe.net/assets/metricsRuntime.ecbf3d6a.js:1:26308
    at c.flush (https://cdn.experience.adobe.net/assets/metricsRuntime.ecbf3d6a.js:1:30168)
    at c.<anonymous> (https://cdn.experience.adobe.net/assets/metricsRuntime.ecbf3d6a.js:1:27194)
    at next (<anonymous>)
    at https://cdn.experience.adobe.net/assets/metricsRuntime.ecbf3d6a.js:1:26559 @ https://cdn.experience.adobe.net/assets/metricsRuntime.ecbf3d6a.js:0
[178985661ms] [WARNING] [LaunchDarkly] Error on stream connection: {"isTrusted":true}, will continue retrying after 641 milliseconds. @ https://cdn.experience.adobe.net/solutions/cq-universal-editor/assets/index.DtFcSNOS.js:533
[178985661ms] [INFO] [LaunchDarkly] Closing stream connection @ https://cdn.experience.adobe.net/solutions/cq-universal-editor/assets/index.DtFcSNOS.js:533
[178985661ms] [ERROR] Failed to load resource: net::ERR_NETWORK_CHANGED @ https://clientstream.launchdarkly.com/eval/639196abae90b00d72cc97ab/eyJpbXNPcmdJZCI6IkVBMkIyOEI3NUI4RDUxOUUwQTQ5NUQzMUBBZG9iZU9yZyIsImltc09yZ05hbWUiOiJudHRkYXRhYW1lcnB0cnNkIiwia2V5IjoidW5pdmVyc2FsLWVkaXRvciIsImtpbmQiOiJ1c2VyIiwicHJldmlldyI6ZmFsc2V9:0
[178986322ms] [INFO] [LaunchDarkly] Opening stream connection to https://clientstream.launchdarkly.com/eval/639196abae90b00d72cc97ab/eyJpbXNPcmdJZCI6IkVBMkIyOEI3NUI4RDUxOUUwQTQ5NUQzMUBBZG9iZU9yZyIsImltc09yZ05hbWUiOiJudHRkYXRhYW1lcnB0cnNkIiwia2V5IjoidW5pdmVyc2FsLWVkaXRvciIsImtpbmQiOiJ1c2VyIiwicHJldmlldyI6ZmFsc2V9 @ https://cdn.experience.adobe.net/solutions/cq-universal-editor/assets/index.DtFcSNOS.js:533
[178986328ms] [INFO] [LaunchDarkly] Closing stream connection @ https://cdn.experience.adobe.net/solutions/cq-universal-editor/assets/index.DtFcSNOS.js:533
[178986328ms] [ERROR] Failed to load resource: net::ERR_INTERNET_DISCONNECTED @ https://clientstream.launchdarkly.com/eval/639196abae90b00d72cc97ab/eyJpbXNPcmdJZCI6IkVBMkIyOEI3NUI4RDUxOUUwQTQ5NUQzMUBBZG9iZU9yZyIsImltc09yZ05hbWUiOiJudHRkYXRhYW1lcnB0cnNkIiwia2V5IjoidW5pdmVyc2FsLWVkaXRvciIsImtpbmQiOiJ1c2VyIiwicHJldmlldyI6ZmFsc2V9:0
[178987750ms] [INFO] [LaunchDarkly] Opening stream connection to https://clientstream.launchdarkly.com/eval/639196abae90b00d72cc97ab/eyJpbXNPcmdJZCI6IkVBMkIyOEI3NUI4RDUxOUUwQTQ5NUQzMUBBZG9iZU9yZyIsImltc09yZ05hbWUiOiJudHRkYXRhYW1lcnB0cnNkIiwia2V5IjoidW5pdmVyc2FsLWVkaXRvciIsImtpbmQiOiJ1c2VyIiwicHJldmlldyI6ZmFsc2V9 @ https://cdn.experience.adobe.net/solutions/cq-universal-editor/assets/index.DtFcSNOS.js:533
[178987772ms] [INFO] [LaunchDarkly] Closing stream connection @ https://cdn.experience.adobe.net/solutions/cq-universal-editor/assets/index.DtFcSNOS.js:533
[178987772ms] [ERROR] Failed to load resource: net::ERR_INTERNET_DISCONNECTED @ https://clientstream.launchdarkly.com/eval/639196abae90b00d72cc97ab/eyJpbXNPcmdJZCI6IkVBMkIyOEI3NUI4RDUxOUUwQTQ5NUQzMUBBZG9iZU9yZyIsImltc09yZ05hbWUiOiJudHRkYXRhYW1lcnB0cnNkIiwia2V5IjoidW5pdmVyc2FsLWVkaXRvciIsImtpbmQiOiJ1c2VyIiwicHJldmlldyI6ZmFsc2V9:0
[178989084ms] [ERROR] Failed to load resource: net::ERR_INTERNET_DISCONNECTED @ https://telemetry.adobe.io/ingest?api_key=metrics-sdk-js:0
[178989084ms] [LOG] Error in fetch.catch,  TypeError: Failed to fetch
    at c.post (https://cdn.experience.adobe.net/assets/metricsRuntime.ecbf3d6a.js:1:28085)
    at c.<anonymous> (https://cdn.experience.adobe.net/assets/metricsRuntime.ecbf3d6a.js:1:30453)
    at next (<anonymous>)
    at https://cdn.experience.adobe.net/assets/metricsRuntime.ecbf3d6a.js:1:26559
    at new Promise (<anonymous>)
    at https://cdn.experience.adobe.net/assets/metricsRuntime.ecbf3d6a.js:1:26308
    at c.flush (https://cdn.experience.adobe.net/assets/metricsRuntime.ecbf3d6a.js:1:30168)
    at c.<anonymous> (https://cdn.experience.adobe.net/assets/metricsRuntime.ecbf3d6a.js:1:27194)
    at next (<anonymous>)
    at https://cdn.experience.adobe.net/assets/metricsRuntime.ecbf3d6a.js:1:26559 @ https://cdn.experience.adobe.net/assets/metricsRuntime.ecbf3d6a.js:0
[178994959ms] [INFO] [LaunchDarkly] Opening stream connection to https://clientstream.launchdarkly.com/eval/639196abae90b00d72cc97ab/eyJpbXNPcmdJZCI6IkVBMkIyOEI3NUI4RDUxOUUwQTQ5NUQzMUBBZG9iZU9yZyIsImltc09yZ05hbWUiOiJudHRkYXRhYW1lcnB0cnNkIiwia2V5IjoidW5pdmVyc2FsLWVkaXRvciIsImtpbmQiOiJ1c2VyIiwicHJldmlldyI6ZmFsc2V9 @ https://cdn.experience.adobe.net/solutions/cq-universal-editor/assets/index.DtFcSNOS.js:533
[184509760ms] [WARNING] [LaunchDarkly] Error on stream connection: {"isTrusted":true}, will continue retrying after 824 milliseconds. @ https://cdn.experience.adobe.net/solutions/cq-universal-editor/assets/index.DtFcSNOS.js:533
[184509760ms] [INFO] [LaunchDarkly] Closing stream connection @ https://cdn.experience.adobe.net/solutions/cq-universal-editor/assets/index.DtFcSNOS.js:533
[184510586ms] [INFO] [LaunchDarkly] Opening stream connection to https://clientstream.launchdarkly.com/eval/639196abae90b00d72cc97ab/eyJpbXNPcmdJZCI6IkVBMkIyOEI3NUI4RDUxOUUwQTQ5NUQzMUBBZG9iZU9yZyIsImltc09yZ05hbWUiOiJudHRkYXRhYW1lcnB0cnNkIiwia2V5IjoidW5pdmVyc2FsLWVkaXRvciIsImtpbmQiOiJ1c2VyIiwicHJldmlldyI6ZmFsc2V9 @ https://cdn.experience.adobe.net/solutions/cq-universal-editor/assets/index.DtFcSNOS.js:533
[188795366ms] [WARNING] [LaunchDarkly] Error on stream connection: {"isTrusted":true}, will continue retrying after 604 milliseconds. @ https://cdn.experience.adobe.net/solutions/cq-universal-editor/assets/index.DtFcSNOS.js:533
[188795366ms] [INFO] [LaunchDarkly] Closing stream connection @ https://cdn.experience.adobe.net/solutions/cq-universal-editor/assets/index.DtFcSNOS.js:533
[188795972ms] [INFO] [LaunchDarkly] Opening stream connection to https://clientstream.launchdarkly.com/eval/639196abae90b00d72cc97ab/eyJpbXNPcmdJZCI6IkVBMkIyOEI3NUI4RDUxOUUwQTQ5NUQzMUBBZG9iZU9yZyIsImltc09yZ05hbWUiOiJudHRkYXRhYW1lcnB0cnNkIiwia2V5IjoidW5pdmVyc2FsLWVkaXRvciIsImtpbmQiOiJ1c2VyIiwicHJldmlldyI6ZmFsc2V9 @ https://cdn.experience.adobe.net/solutions/cq-universal-editor/assets/index.DtFcSNOS.js:533
