[      36ms] [INFO] [Coveo Prefetch] Starting token prefetch... @ https://experienceleague.adobe.com/scripts/data-service/coveo/coveo-token-prefetch.js:28
[      38ms] [INFO] [Coveo Token] Token fetched successfully from service @ https://experienceleague.adobe.com/scripts/data-service/coveo/coveo-token-service.js:54
[      38ms] [INFO] [Coveo Prefetch] Token prefetched and cached successfully @ https://experienceleague.adobe.com/scripts/data-service/coveo/coveo-token-prefetch.js:33
[     176ms] [LOG] Adobe IMS Ready! @ https://experienceleague.adobe.com/scripts/scripts.js:981
[     598ms] [WARNING] solutionLevel and learningInterest do not exist or have valid values @ https://assets.adobedtm.com/d4d114c60e50/9f881954c8dc/launch-7a902c4895c3.min.js:2
[     598ms] [WARNING] solutionLevel and learningInterest do not exist or have valid values @ https://assets.adobedtm.com/d4d114c60e50/9f881954c8dc/launch-7a902c4895c3.min.js:2
[     598ms] [WARNING] solutionLevel and learningInterest do not exist or have valid values @ https://assets.adobedtm.com/d4d114c60e50/9f881954c8dc/launch-7a902c4895c3.min.js:2
[     598ms] [WARNING] solutionLevel and learningInterest do not exist or have valid values @ https://assets.adobedtm.com/d4d114c60e50/9f881954c8dc/launch-7a902c4895c3.min.js:2
[     598ms] [WARNING] solutionLevel and learningInterest do not exist or have valid values @ https://assets.adobedtm.com/d4d114c60e50/9f881954c8dc/launch-7a902c4895c3.min.js:2
[     601ms] [LOG] No Role List @ https://assets.adobedtm.com/d4d114c60e50/9f881954c8dc/launch-7a902c4895c3.min.js:5
[     715ms] [ERROR] Failed to load resource: the server responded with a status of 404 (Not Found) @ https://experienceleague.adobe.com/api/action/khoros/profile-menu-list?platform=gainsight&lang=en:0
[    1080ms] [LOG] Experimentation Accelerator Target - Exp B loaded @ :1
[    1080ms] [LOG] Experimentation Accelerator CJA - Exp B loaded @ :1
[    1083ms] [LOG] Custom Event 'at-event-promo' Fired: the-skill-exchange-virtual-event @ :130
[    1083ms] [LOG] Custom Event 'at-event-promo' Fired: the-skill-exchange-for-adobe-experience-manager-virtual-event @ :130
[    1083ms] [LOG] Custom Event 'at-event-promo' Fired: the-skill-exchange-for-adobe-experience-manager-virtual-event @ :130
[    1083ms] [LOG] Custom Event 'at-event-promo' Fired: from-content-chaos-to-content-reuse:-how-marketing-teams-move-faster-with-aem-assets @ :130
[    1083ms] [LOG] Custom Event 'at-event-promo' Fired: from-content-chaos-to-content-reuse:-how-marketing-teams-move-faster-with-aem-assets @ :130
[    1083ms] [LOG] Custom Event 'at-event-promo' Fired: from-content-chaos-to-content-reuse:-how-marketing-teams-move-faster-with-aem-assets @ :130
[    1087ms] [LOG] No Role List @ https://assets.adobedtm.com/d4d114c60e50/9f881954c8dc/launch-7a902c4895c3.min.js:5
[    1090ms] [LOG] No Role List @ https://assets.adobedtm.com/d4d114c60e50/9f881954c8dc/launch-7a902c4895c3.min.js:5
[    1101ms] [LOG] [Skill Exchange] promo appended after UL in content-0-64enva @ :287
[    1412ms] [LOG] No Role List @ https://assets.adobedtm.com/d4d114c60e50/9f881954c8dc/launch-7a902c4895c3.min.js:5
[    1531ms] [LOG] No Role List @ https://assets.adobedtm.com/d4d114c60e50/9f881954c8dc/launch-7a902c4895c3.min.js:5
